Jun 17 11:53:00 bj-tj2 NGINX[2832]: 10.255.252.1 - - [17/Jun/2014:11:53:00 +0800] "GET /1.gif?spm=h32_SI1394052&fm=display&time=1402977095014 HTTP/1.1" 200 10 "http://wap.koudaitong.com/v2/showcase/homepage?alias=wtisb0" "Mozilla/5.0 (iPhone; CPU iPhone OS 7_1 like Mac OS X) AppleWebKit/537.51.2 (KHTML, like Gecko) Mobile/11D169 MicroMessenger/5.3" "58.253.216.175" tjkoudaitong "_kdt_id_=467; fans_id=25575739; Hm_lpvt_d6b01fe48ad0f9291cd04178c6796787=1402977095; Hm_lvt_d6b01fe48ad0f9291cd04178c6796787=1402977041; is_fans=2; KDTSESSIONID=dhar4n6mmoeltotc9ree7rkn00; ut=foxHcjriKsVvVfr-140297712170144; verify_weixin_openid=oFCZ6jnJVcHcR0Qqeuz3WQ9vgwEA"
Jun 17 11:53:00 bj-tj1 NGINX[2632]: 10.255.252.1 - - [17/Jun/2014:11:53:00 +0800] "GET /1.gif?spm=f1053562&fm=display_network&title=%E7%9C%8B%E7%9C%8B%E4%BC%9A%E5%91%98%E9%95%BF%E5%95%A5%E6%A0%B7&msg=network_type%3Awifi&time=1402977624865 HTTP/1.1" 200 10 "http://wap.koudaitong.com/v2/showcase/feature?alias=xgcnvnls" "Mozilla/5.0 (Linux; U; Android 3.2; zh-cn; GT-P6200 Build/HTJ85B) AppleWebKit/534.13 (KHTML, like Gecko) Version/4.0 MobileSafari/534.13 MicroMessenger/5.3.0.51_r697493.440" "114.252.114.140" tjkoudaitong "KDTSESSIONID=9475gt798ublvnrmjqt9af31s0; ut=nVAVptIhrFlPgUz-138800944964943; fans_id=19454653; is_fans=1; _kdt_id_=4680; Hm_lvt_d6b01fe48ad0f9291cd04178c6796787=1402385723,1402660296,1402660566; Hm_lpvt_d6b01fe48ad0f9291cd04178c6796787=1402977623"
Jun 17 11:53:00 bj-tj1 NGINX[2632]: 10.255.252.1 - - [17/Jun/2014:11:53:00 +0800] "GET /1.gif?spm=h6412_t1064966_SI1904258&fm=display&referer_url=http%3A%2F%2Fwap.koudaitong.com%2Fv2%2Fshowcase%2Fhomepage%3Falias%3Dcbtsmpi1&time=1402977091311 HTTP/1.1" 200 10 "http://wap.koudaitong.com/v2/showcase/tag?alias=6hj1jjs8&spm=h6412" "Mozilla/5.0 (iPhone; CPU iPhone OS 7_1_1 like Mac OS X) AppleWebKit/537.51.2 (KHTML, like Gecko) Mobile/11D201 MicroMessenger/5.3" "117.136.16.47" tjkoudaitong "_kdt_id_=7443; Hm_lpvt_d6b01fe48ad0f9291cd04178c6796787=1402977091; Hm_lvt_d6b01fe48ad0f9291cd04178c6796787=1402919828,1402977056; KDTSESSIONID=dop3s14lacvc21j1619mnu85f7"
Jun 17 11:53:00 bj-tj2 NGINX[2832]: 10.255.252.1 - - [17/Jun/2014:11:53:00 +0800] "GET /1.gif?spm=h3795_t1036661&fm=click&url=http%3A%2F%2Fwap.koudaitong.com%2Fv2%2Fshowcase%2Fgoods%3Falias%3Dxhndbkzg&referer_url=http%3A%2F%2Fwap.koudaitong.com%2Fv2%2Fshowcase%2Fhomepage%3Falias%3D179kyx3y0&title=%E3%80%90%E4%BA%A7%E5%9C%B0%E7%9B%B4%E4%BE%9B%E3%80%91%E8%8C%82%E5%90%8D%20%E6%A1%82%E5%91%B3%E8%8D%94%E6%9E%9D%20%E5%8F%A3%E6%84%9F%E5%8D%87%E7%BA%A7%2099%E5%85%83/5%E6%96%A4%EF%BC%8C6%E6%9C%8819%E6%97%A524:00%E5%89%8D%E4%B8%8B%E5%8D%95%E5%86%8D%E9%80%812%E6%96%A4%20%206%E6%9C%8821%E8%B5%B7%E5%8F%91%E8%B4%A7%2048%E5%B0%8F%E6%97%B6%E6%96%B0%E9%B2%9C%E7%9B%B4%E8%BE%BE&click_id=1321529&time=1402977095905 HTTP/1.1" 200 10 "http://wap.koudaitong.com/v2/showcase/tag?alias=1hp3y9sup&spm=h3795" "Mozilla/5.0 (Linux; U; Android 4.2.2; zh-cn; GT-I9082 Build/JDQ39) AppleWebKit/534.30 (KHTML, like Gecko) Version/4.0 Mobile Safari/534.30 MicroMessenger/5.3.0.80_r701542.440" "122.243.92.41" tjkoudaitong "KDTSESSIONID=v78l2q95g88ktouds5ml35d792; Hm_lvt_d6b01fe48ad0f9291cd04178c6796787=1402890104; Hm_lpvt_d6b01fe48ad0f9291cd04178c6796787=1402977086; fans_id=23360118; is_fans=1; _kdt_id_=5237"
Jun 17 11:53:00 bj-tj2 NGINX[2832]: 10.255.252.1 - - [17/Jun/2014:11:53:00 +0800] "GET /1.gif?spm=f1119580_f1119120_f1121774_f1119120_f1119314_f1121795&fm=display&title=%E9%A2%86%E5%8F%96%E4%BC%98%E6%83%A0%E5%88%B8%20-%20%E9%BA%A6%E8%8A%BD%E5%95%86%E5%9F%8E&time=1402977094106 HTTP/1.1" 200 10 "http://wap.koudaitong.com/v2/showcase/coupon/fetch?alias=bj2t6ycl&spm=f1119580_f1119120_f1121774_f1119120_f1119314_f1121795&redirect_count=1" "Mozilla/5.0 (iPhone; CPU iPhone OS 7_1_1 like Mac OS X) AppleWebKit/537.51.2 (KHTML, like Gecko) Mobile/11D201 MicroMessenger/5.3" "183.3.141.129" tjkoudaitong "_kdt_id_=8931; fans_id=25168315; Hm_lpvt_d6b01fe48ad0f9291cd04178c6796787=1402977086; Hm_lvt_d6b01fe48ad0f9291cd04178c6796787=1402737725,1402977044; is_fans=1; KDTSESSIONID=nbru3j7bgsieot4huogvksa697"
Jun 17 11:53:00 bj-tj2 NGINX[2832]: 10.255.252.1 - - [17/Jun/2014:11:53:00 +0800] "GET /1.gif?spm=g1907880&fm=display&referer_url=http%3A%2F%2Fmail.qq.com%2Fcgi-bin%2Fmail_spam%3Faction%3Dcheck_link%26url%3Dhttp%3A%2F%2Fwap.koudaitong.com%2Fv2%2Fshowcase%2Fgoods%3Falias%3Dc09em1hi%26mailid%3DZC1212-VKfxV~YaEYMbDyx_3CEVW46%26spam%3D0&title=%E4%BB%99%E5%AD%90%E5%AE%9C%E5%B2%B1%E6%97%A0%E9%92%A2%E5%9C%88%E6%96%87%E8%83%B8%20%E8%81%9A%E6%8B%A2%E4%B8%80%E7%89%87%E5%BC%8F%E5%85%89%E9%9D%A2%E6%97%A0%E7%97%95%E5%A5%B3%E5%A3%AB%E5%86%85%E8%A1%A3%E7%BA%AF%E8%89%B2%E8%83%B8%E7%BD%A9B1384%20-%20XZYD%E4%BB%99%E5%AD%90%E5%AE%9C%E5%B2%B1%E5%86%85%E8%A1%A3&time=1402977095636 HTTP/1.1" 200 10 "http://wap.koudaitong.com/v2/showcase/goods?alias=c09em1hi" "Mozilla/5.0 (Windows NT 6.1) AppleWebKit/537.36 (KHTML, like Gecko) Chrome/35.0.1916.153 Safari/537.36" "113.107.33.105" tjkoudaitong "KDTSESSIONID=jueqi8qtvajktcq2uh1s6nl275; Hm_lvt_8f9b476f1ecb7a8f4f42c7e25dea07ce=1402277028,1402277031,1402920279; captcha_response=aa90e17021d2ec7ccf2fd3cae0381e971e9f1cde; captcha_valid_count=2; user_id=230372; user_weixin=18022579886; user_nickname=%E5%88%98%E6%96%8C; kdtnote_fans_id=323041; login_auth_key=41acfae22917a8293efcb2d0d2926250; check_time=1402920402; kdt_id=328; team_auth_key=92d9667bf4c9a479167a7c31ec26382e; weixin_oldsub_key=7e032f58c244c7410492a0a2504af10f; weixin_menu_key=29107584a8cd4c4f04023a1b203ac754; weixin_subscribe_key=66f8cc15c3b160d330bbb11fa7cad5d5; nobody_sign=539f984b7c70d; mp_id=328; taobao_user_id=822486065; Hm_lvt_d6b01fe48ad0f9291cd04178c6796787=1402665330,1402709030,1402882249,1402968056; Hm_lpvt_d6b01fe48ad0f9291cd04178c6796787=1402976878; _kdt_id_=328"
Jun 17 11:53:00 bj-tj2 NGINX[2832]: 10.255.252.1 - - [17/Jun/2014:11:53:00 +0800] "GET /1.gif?spm=m1402836116312239500222040.sendall_h20&fm=display&title=%E5%BE%A1%E6%B3%A5%E5%9D%8A%E5%BE%AE%E4%BF%A1%E5%95%86%E5%9F%8E%20-%20%E5%BE%A1%E6%B3%A5%E5%9D%8A%E6%B3%A5%E6%B5%86%E7%94%B7&display_goods=1288139,1200269,1206363,1209843,1283828,1196104,1791072,1208511,104632,1789888,1210692,1216167,1210691,1213031,1208514,1210689,1210685,1210682,1169557&time=1402977095660 HTTP/1.1" 200 10 "http://wap.koudaitong.com/v2/showcase/homepage?alias=tmx1sp&spm=m1402836116312239500222040.sendall" "Mozilla/5.0 (Linux; U; Android 4.2.2; zh-cn; Coolpad 8297 Build/JDQ39) AppleWebKit/534.30 (KHTML, like Gecko) Version/4.0 Mobile Safari/534.30 MicroMessenger/5.3.0.51_r697493.440" "163.125.231.199" tjkoudaitong "KDTSESSIONID=20cn09rt3s259g5b0ghn2kt3i4; fans_id=9692091; is_fans=1; Hm_lvt_d6b01fe48ad0f9291cd04178c6796787=1401178688; Hm_lpvt_d6b01fe48ad0f9291cd04178c6796787=1402977057; _kdt_id_=33"
Jun 17 11:53:00 bj-tj2 NGINX[2832]: 10.255.252.1 - - [17/Jun/2014:11:53:00 +0800] "GET /1.gif?spm=f1119303&fm=display&title=%E3%80%90%E5%93%81%E7%89%8C%E5%9B%A2%E3%80%91%E4%BA%AC%E4%B8%9C%E5%B1%B1%E8%84%89%E5%A4%A7%E7%89%8C2.7%E6%8A%98%E8%B5%B7%EF%BC%8C16-17%E6%97%A5%E4%BB%85%E4%B8%80%E5%A4%A9%EF%BC%81%20-%20%E5%B1%B1%E8%84%89%E6%88%B7%E5%A4%96%E8%A3%85%E5%A4%87%E7%AC%AC%E4%B8%80%E7%AB%99&time=1402977056058 HTTP/1.1" 200 10 "http://wap.koudaitong.com/v2/showcase/feature?alias=hg8fape2" "Mozilla/5.0 (iPhone; CPU iPhone OS 6_1_2 like Mac OS X) AppleWebKit/536.26 (KHTML, like Gecko) Mobile/10B146 MicroMessenger/5.3" "220.202.152.115" tjkoudaitong "_kdt_id_=17577; Hm_lpvt_d6b01fe48ad0f9291cd04178c6796787=1402922192; Hm_lvt_d6b01fe48ad0f9291cd04178c6796787=1401964619,1402922192; KDTSESSIONID=ifr4tnml9ve27v5qr13dfoh291"
Jun 17 11:53:00 bj-tj2 NGINX[2832]: 10.255.252.1 - - [17/Jun/2014:11:53:00 +0800] "GET /1.gif?spm=m1402318402526376855377443.sendall_f1130645&fm=display&title=%E4%B8%9D%E8%B4%A8%E7%9F%AD%E8%A2%96%20-%20YNHOME&time=1402977095884 HTTP/1.1" 200 10 "http://wap.koudaitong.com/v2/showcase/feature?alias=zrf1bpzh&spm=m1402318402526376855377443.sendall" "Mozilla/5.0 (Linux; U; Android 4.3; zh-cn; MI 3W Build/JLS36C) AppleWebKit/534.30 (KHTML, like Gecko) Version/4.0 Mobile Safari/534.30 MicroMessenger/5.3.0.80_r701542.440" "123.138.112.56" tjkoudaitong "KDTSESSIONID=8u9a864f0hdfklv7j8mmen4f52; Hm_lvt_d6b01fe48ad0f9291cd04178c6796787=1401955601; Hm_lpvt_d6b01fe48ad0f9291cd04178c6796787=1402977082; _kdt_id_=261"
Jun 17 11:53:00 bj-tj2 NGINX[2832]: 10.255.252.1 - - [17/Jun/2014:11:53:00 +0800] "GET /1.gif?spm=f1144262_cmktworldcup123984_g1911349&fm=display&referer_url=http%3A%2F%2Fwap.koudaitong.com%2Fv2%2Fguang%2Fspecial%3Falias%3D1fwbcaiyq%26spm%3Df1144262&title=%E3%80%8A%E8%B4%A2%E7%BB%8F%E5%A4%A9%E4%B8%8B%E3%80%8B2014%E5%B9%B4%E7%AC%AC12%E6%9C%9F%20%E6%80%BB%E7%AC%AC59%E6%9C%9F%20%E4%B8%96%E7%95%8C%E6%9D%AF%E7%89%B9%E8%BE%91%20+360%E6%99%BA%E5%81%A5%20-%20%E5%8D%9A%E9%9B%85%E5%A4%A9%E4%B8%8B%E4%B9%A6%E5%BA%97&time=1402977106901 HTTP/1.1" 200 10 "http://wap.koudaitong.com/v2/showcase/goods?alias=nowe7tjv&activity=1fwbcaiyq&spm=f1144262_cmktworldcup123984" "Mozilla/5.0 (Linux; U; Android 4.1.1; zh-cn; MI 2SC Build/JRO03L) AppleWebKit/534.30 (KHTML, like Gecko) Version/4.0 Mobile Safari/534.30 MicroMessenger/5.3.0.51_r697493.440" "223.15.74.28" tjkoudaitong "KDTSESSIONID=lbcr5ni3ia09lh7b5cdrqe8dl3; Hm_lvt_d6b01fe48ad0f9291cd04178c6796787=1402039419; Hm_lpvt_d6b01fe48ad0f9291cd04178c6796787=1402977024; fans_id=8302957; is_fans=1; _kdt_id_=6105"
Jun 17 11:53:00 bj-tj1 NGINX[2633]: 10.255.252.1 - - [17/Jun/2014:11:53:00 +0800] "GET /1.gif?spm=g1813657&fm=display&referer_url=http%3A%2F%2Fwap.koudaitong.com%2Fv2%2Fshowcase%2Fcoupon%2Ftake%3Ftoken%3D2eb7bd02144c4f68def695f00bd85852&title=Norco%E6%BE%B3%E6%B4%B2%E8%BF%9B%E5%8F%A3%E9%B2%9C%E5%A5%B6%202%E7%93%B6%E8%A3%85%20-%20%E6%BE%B3%E6%B4%B2%E5%8E%9F%E8%A3%85%E8%BF%9B%E5%8F%A3%E9%B2%9C%E5%A5%B6Norco&time=1402977093023 HTTP/1.1" 200 10 "http://wap.koudaitong.com/v2/showcase/goods?alias=16p8tbv9t" "Mozilla/5.0 (Linux; U; Android 4.3; zh-cn; GT-N7102 Build/JSS15J) AppleWebKit/534.30 (KHTML, like Gecko) Version/4.0 Mobile Safari/534.30 MicroMessenger/5.3.0.80_r701542.440" "221.226.177.170" tjkoudaitong "KDTSESSIONID=d22b215m926i5eet45130o0u40; Hm_lvt_d6b01fe48ad0f9291cd04178c6796787=1402977076; Hm_lpvt_d6b01fe48ad0f9291cd04178c6796787=1402977086; fans_id=22902455; is_fans=1; _kdt_id_=23994"
Jun 17 11:53:00 bj-tj1 NGINX[2633]: 10.255.252.1 - - [17/Jun/2014:11:53:00 +0800] "GET /1.gif?spm=h32&fm=display_network&title=%E6%A2%A6%E8%8A%AD%E8%92%82%E7%BE%8E%E4%BD%93%E5%86%85%E8%A1%A3%20-%20%E6%A2%A6%E8%8A%AD%E8%92%82%E7%BE%8E%E4%BD%93%E5%86%85%E8%A1%A3&msg=network_type%3Awifi&time=1402977095232 HTTP/1.1" 200 10 "http://wap.koudaitong.com/v2/showcase/homepage?alias=wtisb0" "Mozilla/5.0 (iPhone; CPU iPhone OS 7_1 like Mac OS X) AppleWebKit/537.51.2 (KHTML, like Gecko) Mobile/11D169 MicroMessenger/5.3" "58.253.216.175" tjkoudaitong "_kdt_id_=467; fans_id=25575739; Hm_lpvt_d6b01fe48ad0f9291cd04178c6796787=1402977095; Hm_lvt_d6b01fe48ad0f9291cd04178c6796787=1402977041; is_fans=2; KDTSESSIONID=dhar4n6mmoeltotc9ree7rkn00; ut=foxHcjriKsVvVfr-140297712170144; verify_weixin_openid=oFCZ6jnJVcHcR0Qqeuz3WQ9vgwEA"
Jun 17 11:53:00 bj-tj1 NGINX[2633]: 10.255.252.1 - - [17/Jun/2014:11:53:00 +0800] "GET /1.gif?spm=m1402977176117118837727457.autoreply_f1074892&fm=display&title=%E3%80%90%E7%A5%9E%E7%A7%98%E7%A4%BC4%E3%80%91%E9%A6%99%E5%A5%88%E5%84%BF%E7%B2%BE%E7%BE%8E%E6%89%8B%E6%9C%BA%E5%A3%81%E7%BA%B8%E9%9A%8F%E4%BD%A0%E6%8C%91%20-%20%E5%B0%8F%E4%B9%9F&time=1402977097689 HTTP/1.1" 200 10 "http://wap.koudaitong.com/v2/showcase/feature?alias=bw53fn1l&spm=m1402977176117118837727457.autoreply" "Mozilla/5.0 (Linux; U; Android 4.1.2; zh-cn; ZTE U956 Build/JZO54K) AppleWebKit/534.30 (KHTML, like Gecko) Version/4.0 Mobile Safari/534.30 MicroMessenger/5.3.0.51_r697493.440" "123.244.63.26" tjkoudaitong "KDTSESSIONID=9b8ee6t6j6birmgko9t870nng4; Hm_lvt_d6b01fe48ad0f9291cd04178c6796787=1402977015; Hm_lpvt_d6b01fe48ad0f9291cd04178c6796787=1402977015; _kdt_id_=9"
Jun 17 11:53:00 bj-tj2 NGINX[2832]: 10.255.252.1 - - [17/Jun/2014:11:53:00 +0800] "GET /1.gif?spm=f1144262_cmktworldcup123984_cmktworldcup0_cmktworldcup123542&fm=click&url=http%3A%2F%2Fwap.koudaitong.com%2Fv2%2Fshowcase%2Fgoods%3Falias%3Dnys5tj22%26activity%3Du51kwa8b&referer_url=http%3A%2F%2Fwap.koudaitong.com%2Fv2%2Fguang%2Fcenter%3Falias%3Dworldcup%26spm%3Df1144262_cmktworldcup123984&title=%E7%99%BE%E5%9C%86%E8%A3%A4%E4%B8%9A%E7%94%B7%E8%A3%852014%E5%A4%8F%E8%A3%85%E6%96%B0%E6%AC%BE%E7%94%B7%E5%A3%AB%E5%95%86%E5%8A%A1%E4%BC%91%E9%97%B2%E8%A3%A4%E7%94%B7%E8%A3%A4%E7%9B%B4%E7%AD%92%E5%BC%B9%E5%8A%9B%E6%A3%89%E4%B8%8B%E8%A3%85%E8%A3%A4%E5%AD%902W01J180%20%20%20%20%20%20%20%20%20%20%20%20%20%20%20%20%20%20%20%20%20%20%20%20%E4%B8%93%E4%BA%AB%E4%BB%B7:%20%C2%A599.00%20%20%20%20%20%20%20%20%20%20%20%20%20%20%20%20%20%20%20%20%20%20%20%20%C2%A5350.00&time=1402977095962 HTTP/1.1" 200 10 "http://wap.koudaitong.com/v2/guang/special?alias=u51kwa8b&spm=f1144262_cmktworldcup123984_cmktworldcup0" "Mozilla/5.0 (iPhone; CPU iPhone OS 6_1 like Mac OS X) AppleWebKit/536.26 (KHTML, like Gecko) Mobile/10B142 MicroMessenger/5.3" "124.200.192.10" tjkoudaitong "Hm_lpvt_d6b01fe48ad0f9291cd04178c6796787=1402977089; Hm_lvt_d6b01fe48ad0f9291cd04178c6796787=1401416218,1402028662,1402976992; _kdt_id_=5238; fans_id=25575731; is_fans=2; KDTSESSIONID=8sqrbklv0empm4p4sv660lij72"
Jun 17 11:53:00 bj-tj2 NGINX[2832]: 10.255.252.1 - - [17/Jun/2014:11:53:00 +0800] "GET /1.gif?spm=t1348066_g1816617&fm=display&referer_url=http%3A%2F%2Fwap.koudaitong.com%2Fv2%2Fshowcase%2Ftag%3Falias%3Diiazzorb&title=%E5%B9%BF%E4%B8%9C%E5%86%B0%E5%A7%A8%20%E5%9B%BA%E5%85%83%E8%A1%A5%E8%A1%80%E5%9B%9B%E7%89%A9%E6%B1%A4%20%E5%A5%B3%E4%BA%BA%E9%97%AD%E7%BB%8F%E8%B0%83%E7%BB%8F%E5%8E%9F%E6%96%99%20%E8%A1%A5%E5%85%BB%E6%B0%94%E5%85%BB%E9%A2%9C%E8%B4%AB%E8%A1%80%E8%A1%A5%E5%93%81%20-%20%E5%B9%BF%E4%B8%9C%E5%86%B0%E5%A7%A8&time=1402977095167 HTTP/1.1" 200 10 "http://wap.koudaitong.com/v2/showcase/goods?alias=1eg5cse6e&spm=t1348066" "Mozilla/5.0 (Linux; Android 4.4.2; MI 3 Build/KOT49H) AppleWebKit/537.36 (KHTML, like Gecko) Version/4.0 Chrome/30.0.0.0 Mobile Safari/537.36 MicroMessenger/5.3.0.50_r694338.420" "14.215.43.48" tjkoudaitong "KDTSESSIONID=98n1nlttep3e1akgk1q3vb72b2; nobody_sign=539fbb925c48b; Hm_lvt_d6b01fe48ad0f9291cd04178c6796787=1402977085; Hm_lpvt_d6b01fe48ad0f9291cd04178c6796787=1402977085; _kdt_id_=23246"
Jun 17 11:53:00 bj-tj2 NGINX[2832]: 10.255.252.1 - - [17/Jun/2014:11:53:00 +0800] "GET /1.gif?spm=h5249&fm=display_network&referer_url=http%3A%2F%2Fwww.mynee.com%2Fpay%2Fihome.aspx%3Ft%3D6274%26p%3D0&title=%E7%9C%81%E5%86%85%E6%97%85%E6%B8%B8&msg=network_type%3Awifi&time=1402977095532 HTTP/1.1" 200 10 "http://www.mynee.com/pay/iListShop.aspx?i=1&t=6274&p=0" "Mozilla/5.0 (Linux; U; Android 4.1.2; zh-cn; Coolpad 5219 Build/JZO54K) AppleWebKit/534.30 (KHTML, like Gecko) Version/4.0 Mobile Safari/534.30 MicroMessenger/5.3.0.80_r701542.440" "118.251.120.71" tjkoudaitong "-"
Jun 17 11:53:00 bj-tj1 NGINX[2633]: 10.255.252.1 - - [17/Jun/2014:11:53:00 +0800] "GET /1.gif?spm=f1123369&fm=display_network&title=%E6%91%87%E5%8A%A8%E5%85%A8%E4%B8%AD%E5%9B%BD%20-%20%E5%A4%AE%E5%B9%BF%E8%B4%AD%E7%89%A9&msg=network_type%3Awifi&time=1402977139519 HTTP/1.1" 200 10 "http://shop199728.koudaitong.com/v2/showcase/feature?alias=a7y1d8pg&from=singlemessage&isappinstalled=0" "Mozilla/5.0 (Linux; U; Android 4.1.2; zh-cn; GT-N7100 Build/JZO54K) AppleWebKit/534.30 (KHTML, like Gecko) Version/4.0 Mobile Safari/534.30 MicroMessenger/5.3.0.50_r694338.420" "123.150.68.66" tjkoudaitong "KDTSESSIONID=4a99a68q15isbamleo4fc33ac0; _kdt_id_=7560; Hm_lvt_d6b01fe48ad0f9291cd04178c6796787=1402977139; Hm_lpvt_d6b01fe48ad0f9291cd04178c6796787=1402977139"
Jun 17 11:53:00 bj-tj2 NGINX[2831]: 10.255.252.1 - - [17/Jun/2014:11:53:00 +0800] "GET /1.gif?spm=h1065_f1008574_f1011089&fm=display&referer_url=http%3A%2F%2Fwap.koudaitong.com%2Fv2%2Fshowcase%2Ffeature%3Falias%3D2rbpehlk%26spm%3Dh1065&title=%E7%9C%8B%E7%9C%8B%E5%93%AA%E4%BA%9B%E5%AA%92%E4%BD%93%E6%8A%A5%E9%81%93%E4%BA%86%E6%88%91%E4%BB%AC%20-%20%E7%BB%B4%E5%90%89%E8%BE%BE%E5%B0%BCVIZDAN&time=1402977096686 HTTP/1.1" 200 10 "http://wap.koudaitong.com/v2/showcase/feature?alias=vni75747&spm=h1065_f1008574" "Mozilla/5.0 (Linux; U; Android 4.2.2; zh-cn; HM NOTE 1TD Build/JDQ39) AppleWebKit/534.30 (KHTML, like Gecko) Version/4.0 Mobile Safari/534.30 MicroMessenger/5.3.0.51_r697493.440" "114.249.143.88" tjkoudaitong "KDTSESSIONID=nqdkjbp7l3n4filc3c1796q343; Hm_lvt_d6b01fe48ad0f9291cd04178c6796787=1402801994; Hm_lpvt_d6b01fe48ad0f9291cd04178c6796787=1402977095; fans_id=25163876; is_fans=1; _kdt_id_=2508"
Jun 17 11:53:00 bj-tj2 NGINX[2831]: 10.255.252.1 - - [17/Jun/2014:11:53:00 +0800] "GET /1.gif?spm=m1402977176838627414407009.click_f1101159&fm=display_network&title=%E7%B2%89%E4%B8%9D%E7%A7%AF%E5%88%86%E7%B3%BB%E7%BB%9F%E5%85%A8%E6%96%B0%E4%B8%8A%E7%BA%BF%20-%20%E7%8C%AB%E4%BA%BA&msg=network_type%3Awifi&time=1402977095456 HTTP/1.1" 200 10 "http://wap.koudaitong.com/v2/showcase/feature?alias=g8hqs7ww&spm=m1402977176838627414407009.click" "Mozilla/5.0 (Linux; U; Android 4.1.1; zh-cn; MI 2S Build/JRO03L) AppleWebKit/534.30 (KHTML, like Gecko) Version/4.0 Mobile Safari/534.30 MicroMessenger/5.3.0.51_r697493.440" "221.232.153.186" tjkoudaitong "KDTSESSIONID=2ikqds3f9ebab2a1muo6va1364; ut=uKRZdrIHAMwqRNz-140080933950835; auth_key=a1b40d2170a900b2ec870c80086bd523; check_time=1402927698; mp_id=6777; verify_weixin_openid=o_Wzxt0zyreAcWzNFcHahrdoImJk; fans_id=19525089; is_fans=1; _kdt_id_=8304; Hm_lvt_d6b01fe48ad0f9291cd04178c6796787=1402384683,1402384760,1402390754,1402655297; Hm_lpvt_d6b01fe48ad0f9291cd04178c6796787=1402977094"
Jun 17 11:53:00 bj-tj2 NGINX[2831]: 10.255.252.1 - - [17/Jun/2014:11:53:00 +0800] "GET /1.gif?fm=click&url=http%3A%2F%2Fwap.koudaitong.com%2Fv2%2Fshowcase%2Fgoods%3Falias%3Dvyhm2p1u&title=%E3%80%90%E7%A7%92%E6%9D%80%E3%80%91BEDOOK%20%E5%91%8A%E5%88%AB%E6%B2%B9%E5%85%89%E8%8C%B6%E6%A0%91%E7%88%BD%E8%82%A4%E6%B0%B4%20%E6%8E%A7%E6%B2%B9%E4%BF%9D%E6%B9%BF%E5%8E%BB%E6%B2%B9%E5%85%89%E7%A5%9B%E7%97%98%E7%88%BD%E8%82%A4%E6%B0%B4%20%E6%94%B6%E7%BC%A9%E6%AF%9B%E5%AD%94&click_id=1812117&time=1402977095865 HTTP/1.1" 200 10 "http://wap.koudaitong.com/v2/showcase/goods/search?q=%E7%88%BD%E8%82%A4%E6%B0%B4&kdt_id=538&redirect_count=1" "Mozilla/5.0 (Linux; U; Android 4.2.2; zh-cn; P11HD\xE5\x9B\x9B\xE6\xA0\xB8(G9X7) Build/P11HD(G9X7)) AppleWebKit/534.30 (KHTML, like Gecko) Version/4.0 Safari/534.30 MicroMessenger/5.3.0.80_r701542.440" "59.50.84.126" tjkoudaitong "KDTSESSIONID=2020t7ht6skev46kh0ko4hu4m0; Hm_lvt_d6b01fe48ad0f9291cd04178c6796787=1402564635,1402814564,1402814621,1402977025; Hm_lpvt_d6b01fe48ad0f9291cd04178c6796787=1402977087; fans_id=25575773; is_fans=2; _kdt_id_=538"
Jun 17 11:53:00 bj-tj1 NGINX[2633]: 10.255.252.1 - - [17/Jun/2014:11:53:00 +0800] "GET /1.gif?spm=h6529&fm=click&url=http%3A%2F%2Fwap.koudaitong.com%2Fv2%2Fshowcase%2Fgoods%3Falias%3D2e588dil&title=%E6%B2%81%E5%9B%AD%E7%A1%85%E8%97%BB%E7%93%B7%E5%87%80%E6%B0%B4%E5%99%A81+2%E7%89%B9%E9%A6%88%E7%BB%84%20%20%E8%B4%A7%E5%8F%B7105714&click_id=1848402&time=1402977097360 HTTP/1.1" 200 10 "http://wap.koudaitong.com/v2/showcase/goods/allgoods?kdt_id=7560&spm=h6529&redirect_count=1" "Mozilla/5.0 (iPhone; CPU iPhone OS 7_1_1 like Mac OS X) AppleWebKit/537.51.2 (KHTML, like Gecko) Mobile/11D201 MicroMessenger/5.3" "117.132.14.215" tjkoudaitong "_kdt_id_=7560; auth_key=5ad56563202485e16842025c56174ca7; check_time=1402977090; fans_id=25376728; Hm_lpvt_d6b01fe48ad0f9291cd04178c6796787=1402977093; Hm_lvt_d6b01fe48ad0f9291cd04178c6796787=1402882050,1402967759; is_fans=1; KDTSESSIONID=anh0u8hvvur2gli0s3ncmau6u7; mp_id=6202; ut=WJzXYsdJYLzSaPp-140297706577860; verify_weixin_openid=oN1EvuCdweReeGompASXuOZyjxzQ"
Jun 17 11:53:00 bj-tj1 NGINX[2637]: 10.255.252.1 - - [17/Jun/2014:11:53:00 +0800] "GET /1.gif?spm=m1402921580943789449274863.sendall_f1139341&fm=display&title=%E3%80%90%E9%85%8D%E6%96%B9%E5%B8%88%E4%B8%93%E6%A0%8F%E3%80%91%E4%BB%80%E4%B9%88%E6%A0%B7%E7%9A%84%E9%98%B2%E6%99%92%E5%93%81%E7%AE%97%E8%B5%84%E4%BC%98%E7%94%9F%20-%20AFU%E9%98%BF%E8%8A%99&time=1402977095341 HTTP/1.1" 200 10 "http://wap.koudaitong.com/v2/showcase/feature?alias=obcoghwe&spm=m1402921580943789449274863.sendall" "Mozilla/5.0 (Linux; U; Android 2.3.5; zh-cn; HTC A310e Build/GRJ90) AppleWebKit/533.1 (KHTML, like Gecko) Version/4.0 Mobile Safari/533.1 MicroMessenger/5.3.0.80_r701542.440" "116.10.107.85" tjkoudaitong "Hm_lpvt_d6b01fe48ad0f9291cd04178c6796787=1402943823; Hm_lvt_d6b01fe48ad0f9291cd04178c6796787=1402943823; KDTSESSIONID=6i7qubse8l4og6qs4giahfel15; _kdt_id_=17"
Jun 17 11:53:00 bj-tj1 NGINX[2637]: 10.255.252.1 - - [17/Jun/2014:11:53:00 +0800] "GET /1.gif?spm=h24374&fm=click&url=http%3A%2F%2Fwap.koudaitong.com%2Fv2%2Fshowcase%2Ffeature%3Falias%3D1ctyrwnr8&time=1402977096747 HTTP/1.1" 200 10 "http://wap.koudaitong.com/v2/showcase/homepage?alias=sjdylrl5" "Mozilla/5.0 (iPhone; CPU iPhone OS 7_0_4 like Mac OS X) AppleWebKit/537.51.1 (KHTML, like Gecko) Mobile/11B554a MicroMessenger/5.3" "114.85.80.78" tjkoudaitong "_kdt_id_=25687; fans_id=23428327; Hm_lpvt_d6b01fe48ad0f9291cd04178c6796787=1402977085; Hm_lvt_d6b01fe48ad0f9291cd04178c6796787=1402853164,1402923059,1402925647,1402975604; is_fans=1; KDTSESSIONID=nj2uj6r9kqqocektlevdolfft6"
Jun 17 11:53:00 bj-tj2 NGINX[2837]: 10.255.252.1 - - [17/Jun/2014:11:53:00 +0800] "GET /1.gif?spm=m1402977155976449159425468.subscribe_f1120973&fm=click&url=http%3A%2F%2Fwap.koudaitong.com%2Fv2%2Fshowcase%2Ffeature%3Falias%3D3079y719&title=%E3%80%90%E5%9B%A2%E8%B4%AD%E4%B8%93%E5%9C%BA%E3%80%91&time=1402977098698 HTTP/1.1" 200 10 "http://wap.koudaitong.com/v2/showcase/feature?alias=lxkt9eto&spm=m1402977155976449159425468.subscribe" "Mozilla/5.0 (iPhone; CPU iPhone OS 7_1_1 like Mac OS X) AppleWebKit/537.51.2 (KHTML, like Gecko) Mobile/11D201 MicroMessenger/5.3" "119.98.42.174" tjkoudaitong "_kdt_id_=9; Hm_lpvt_d6b01fe48ad0f9291cd04178c6796787=1402977088; Hm_lvt_d6b01fe48ad0f9291cd04178c6796787=1402977088; KDTSESSIONID=sg5qe9oh9sbe389kc5r96cjgb7"
Jun 17 11:53:00 bj-tj2 NGINX[2837]: 10.255.252.1 - - [17/Jun/2014:11:53:00 +0800] "GET /1.gif?spm=m1402709234202480469330598.autoreply_h22917&fm=display_network&title=%E6%97%B6%E6%9E%9C%E4%B8%BB%E4%B9%89%20-%20----%E6%97%B6%E4%BB%A4%E9%AB%98%E7%AB%AF%E6%B0%B4%E6%9E%9C%E5%8C%85%E6%9C%88%E5%8F%8A%E5%AE%9A%E5%88%B6&msg=network_type%3Awifi&time=1402977100667 HTTP/1.1" 200 10 "http://shop216110.koudaitong.com/v2/showcase/homepage?alias=13y1kgx9&spm=m1402709234202480469330598.autoreply&from=timeline&isappinstalled=0" "Mozilla/5.0 (Linux; U; Android 4.1.2; zh-cn; HTC 301e Build/JZO54K) AppleWebKit/534.30 (KHTML, like Gecko) Version/4.0 Mobile Safari/534.30 MicroMessenger/5.2.380" "171.116.79.189" tjkoudaitong "KDTSESSIONID=ao0q13kbicdmns97pf92vulpe1; ut=GncHookLDqKpxsa-138716414582245; _kdt_id_=23942; nobody_sign=539fbb9b083d4; Hm_lvt_d6b01fe48ad0f9291cd04178c6796787=1402977099; Hm_lpvt_d6b01fe48ad0f9291cd04178c6796787=1402977099"
Jun 17 11:53:00 bj-tj2 NGINX[2837]: 10.255.252.1 - - [17/Jun/2014:11:53:00 +0800] "GET /1.gif?spm=m1402976910305496032111123.subscribe_f1096548_c127792&fm=display&referer_url=http%3A%2F%2Fwap.koudaitong.com%2Fv2%2Fshowcase%2Fcategory%3Falias%3D1ik8dfuo7%26spm%3Dm1402976910305496032111123.subscribe_f1096548&title=%E9%A2%86%E5%8F%96%E4%BC%98%E6%83%A0%E5%88%B8%20-%20%E5%9C%9F%E5%AE%B6%E7%A1%92%E6%B3%A5%E5%9D%8A&time=1402977088798 HTTP/1.1" 200 10 "http://wap.koudaitong.com/v2/showcase/coupon/fetch?alias=1ij8sa5wi&spm=m1402976910305496032111123.subscribe_f1096548_c127792" "Mozilla/5.0 (Linux; Android 4.4.2; GT-I9500 Build/KOT49H) AppleWebKit/537.36 (KHTML, like Gecko) Version/4.0 Chrome/30.0.0.0 Mobile Safari/537.36 MicroMessenger/5.3.0.51_r697493.440" "183.185.249.132" tjkoudaitong "KDTSESSIONID=tlikfsn99nsqr0k2dr7dlspsp6; Hm_lvt_d6b01fe48ad0f9291cd04178c6796787=1402976839; Hm_lpvt_d6b01fe48ad0f9291cd04178c6796787=1402977088; fans_id=25575310; is_fans=1; _kdt_id_=7066"
Jun 17 11:53:01 bj-tj1 NGINX[2637]: 10.255.252.1 - - [17/Jun/2014:11:53:01 +0800] "GET /1.gif?spm=f1099170_f1094434_f1094663_f1094434_f1094435_f1103129&fm=display_network&referer_url=http%3A%2F%2Fwap.koudaitong.com%2Fv2%2Fshowcase%2Ffeature%3Falias%3Dsrfeznt5%26spm%3Df1099170_f1094434_f1094663_f1094434&title=%E8%8F%A9%E6%8F%90%E5%92%92%E8%AF%AD%20-%20%E6%AF%8F%E6%97%A5%E4%B8%80%E7%A6%85&msg=network_type%3Awifi&time=1402977092176 HTTP/1.1" 200 10 "http://wap.koudaitong.com/v2/showcase/feature?alias=1m1kj2c8&spm=f1099170_f1094434_f1094663_f1094434_f1094435" "Mozilla/5.0 (Linux; U; Android 4.3; zh-cn; SM-G7106 Build/JLS36C) AppleWebKit/534.30 (KHTML, like Gecko) Version/4.0 Mobile Safari/534.30 MicroMessenger/5.3.0.51_r697493.440" "221.195.80.21" tjkoudaitong "KDTSESSIONID=8j19jmt8h7hgo3jnrm9tpjb724; ut=rQpKFEMEPRaHNyi-139572291230385; nobody_sign=539e7c1ef0fde; Hm_lvt_d6b01fe48ad0f9291cd04178c6796787=1402896097,1402896177,1402896191,1402896474; Hm_lpvt_d6b01fe48ad0f9291cd04178c6796787=1402977091; _kdt_id_=23783"
Jun 17 11:53:01 bj-tj2 NGINX[2837]: 10.255.252.1 - - [17/Jun/2014:11:53:01 +0800] "GET /1.gif?spm=f1119580_f1119120_f1121774_f1119120_f1119314_f1121795&fm=display_network&title=%E9%A2%86%E5%8F%96%E4%BC%98%E6%83%A0%E5%88%B8%20-%20%E9%BA%A6%E8%8A%BD%E5%95%86%E5%9F%8E&msg=network_type%3Awifi&time=1402977094593 HTTP/1.1" 200 10 "http://wap.koudaitong.com/v2/showcase/coupon/fetch?alias=bj2t6ycl&spm=f1119580_f1119120_f1121774_f1119120_f1119314_f1121795&redirect_count=1" "Mozilla/5.0 (iPhone; CPU iPhone OS 7_1_1 like Mac OS X) AppleWebKit/537.51.2 (KHTML, like Gecko) Mobile/11D201 MicroMessenger/5.3" "183.3.141.129" tjkoudaitong "_kdt_id_=8931; fans_id=25168315; Hm_lpvt_d6b01fe48ad0f9291cd04178c6796787=1402977094; Hm_lvt_d6b01fe48ad0f9291cd04178c6796787=1402737725,1402977044; is_fans=1; KDTSESSIONID=nbru3j7bgsieot4huogvksa697"
Jun 17 11:53:01 bj-tj1 NGINX[2637]: 10.255.252.1 - - [17/Jun/2014:11:53:01 +0800] "GET /1.gif?spm=sc6021_h6026&fm=click&url=http%3A%2F%2Fwap.koudaitong.com%2Fv2%2Fshowcase%2Ffeature%3Falias%3Dlkdgnm6a&referer_url=http%3A%2F%2Fwap.koudaitong.com%2Fv2%2Fshowcase%2Fusercenter%3Falias%3Dmixxz01u&time=1402977098365 HTTP/1.1" 200 10 "http://wap.koudaitong.com/v2/showcase/homepage?kdt_id=7057&spm=sc6021" "Mozilla/5.0 (iPhone; CPU iPhone OS 7_1_1 like Mac OS X) AppleWebKit/537.51.2 (KHTML, like Gecko) Mobile/11D201 MicroMessenger/5.3" "219.155.156.192" tjkoudaitong "_kdt_id_=7057; fans_id=8527980; Hm_lpvt_d6b01fe48ad0f9291cd04178c6796787=1402977091; Hm_lvt_d6b01fe48ad0f9291cd04178c6796787=1402294117,1402294165,1402842699,1402977032; is_fans=1; KDTSESSIONID=f54aikotkomrvb3k2k0gd26me0; ut=VUDWocUPrkElYsR-139723655142370"
Jun 17 11:53:01 bj-tj1 NGINX[2637]: 10.255.252.1 - - [17/Jun/2014:11:53:01 +0800] "GET /1.gif?spm=f1043884_h6262&fm=display_network&referer_url=http%3A%2F%2Fwap.koudaitong.com%2Fv2%2Fshowcase%2Ffeature%3Falias%3Dnk1o9cze&title=%E9%9B%85%E7%90%B3%E7%BE%8E%E5%A6%86%E4%B8%BB%E4%BC%9A%E5%9C%BA%20-%20%E6%B5%8E%E5%8D%97%E9%9B%85%E7%90%B3%E5%8C%96%E5%A6%86%E5%93%81%E8%BF%9E%E9%94%81&msg=network_type%3Awwan&time=1402977112421 HTTP/1.1" 200 10 "http://wap.koudaitong.com/v2/showcase/homepage?alias=3m0ikg66&spm=f1043884" "Mozilla/5.0 (Linux; U; Android 4.1.2; zh-cn; Coolpad 5890 Build/JZO54K) AppleWebKit/534.30 (KHTML, like Gecko) Version/4.0 Mobile Safari/534.30 MicroMessenger/5.3.0.80_r701542.440" "182.46.226.224" tjkoudaitong "KDTSESSIONID=vtneujefnbuhvtb2h4kch6vol4; _kdt_id_=7293; Hm_lvt_d6b01fe48ad0f9291cd04178c6796787=1402977079; Hm_lpvt_d6b01fe48ad0f9291cd04178c6796787=1402977110"
Jun 17 11:53:01 bj-tj2 NGINX[2843]: 10.255.252.1 - - [17/Jun/2014:11:53:01 +0800] "GET /1.gif?spm=f1135093&fm=display_network&title=%E3%80%90%E6%9C%80%E6%96%B0%E8%B5%84%E8%AE%AF%E3%80%91%E5%AF%BB%E9%A6%99%E4%B9%8B%E6%97%85%20-%20AFU%E9%98%BF%E8%8A%99&msg=network_type%3Aedge&time=1402977096029 HTTP/1.1" 200 10 "http://wap.koudaitong.com/v2/showcase/feature?alias=1cik7gb43" "Mozilla/5.0 (iPhone; CPU iPhone OS 7_1 like Mac OS X) AppleWebKit/537.51.2 (KHTML, like Gecko) Mobile/11D167 MicroMessenger/5.3" "220.202.153.69" tjkoudaitong "_kdt_id_=17; fans_id=73703; Hm_lpvt_d6b01fe48ad0f9291cd04178c6796787=1402977093; Hm_lvt_d6b01fe48ad0f9291cd04178c6796787=1402977064; is_fans=1; KDTSESSIONID=1sh30c3ph2li37ulllpn895h24"
Jun 17 11:53:01 bj-tj2 NGINX[2835]: 10.255.252.1 - - [17/Jun/2014:11:53:01 +0800] "GET /1.gif?spm=h20_t1153299_SI1169543&fm=display&referer_url=http%3A%2F%2Fwap.koudaitong.com%2Fv2%2Fshowcase%2Fhomepage%3Fkdt_id%3D33&time=1402977092525 HTTP/1.1" 200 10 "http://wap.koudaitong.com/v2/showcase/tag?alias=mf5up3w6&spm=h20" "Mozilla/5.0 (Linux; U; Android 4.3; zh-cn; GT-N7100 Build/JSS15J) AppleWebKit/534.30 (KHTML, like Gecko) Version/4.0 Mobile Safari/534.30 MicroMessenger/5.3.0.80_r701542.440" "49.80.187.53" tjkoudaitong "KDTSESSIONID=gv96ue918ghqi0hqkvti127oh7; ut=gtIpFfQvnsEQMLm-140295700555941; verify_weixin_openid=o-G_-jiTUbh3Vn83K3IpK1TomOj8; auth_key=80a829bc69311091f76082a08ae61c86; check_time=1402976572; mp_id=33; Hm_lvt_d6b01fe48ad0f9291cd04178c6796787=1402976911; fans_id=25555663; is_fans=1; _kdt_id_=33; Hm_lpvt_d6b01fe48ad0f9291cd04178c6796787=1402977083"
Jun 17 11:53:01 bj-tj1 NGINX[2637]: 10.255.252.1 - - [17/Jun/2014:11:53:01 +0800] "GET /1.gif?spm=sc15&fm=display&title=%E6%AC%A2%E8%BF%8E%E5%85%89%E4%B8%B4%20%E4%BC%9A%E5%91%98%E4%B8%93%E4%BA%AB%20-%20%E9%BA%A6%E5%8C%85%E5%8C%85&time=1402977298918 HTTP/1.1" 200 10 "http://wap.koudaitong.com/v2/showcase/usercenter?alias=2iwyil&redirect_count=1" "Mozilla/5.0 (Linux; U; Android 4.2.2; zh-cn; HUAWEI G610-T11 Build/HuaweiG610-T11) AppleWebKit/534.30 (KHTML, like Gecko) Version/4.0 Mobile Safari/534.30 MicroMessenger/5.2.1.400" "211.140.18.104" tjkoudaitong "KDTSESSIONID=it9k7sric1578k1js2uu0igq83; fans_id=25575641; is_fans=1; _kdt_id_=15"
Jun 17 11:53:01 bj-tj1 NGINX[2637]: 10.255.252.1 - - [17/Jun/2014:11:53:01 +0800] "GET /1.gif?fm=display_network&referer_url=http%3A%2F%2Fwap.koudaitong.com%2Fv2%2Fshowcase%2Fgoods%2Fallgoods%3Fkdt_id%3D7560%26p%3D4%26t%3D0&title=%E5%85%A8%E9%83%A8%E5%95%86%E5%93%81%20-%20%E5%A4%AE%E5%B9%BF%E8%B4%AD%E7%89%A9&msg=network_type%3Awifi&time=1402977095327 HTTP/1.1" 200 10 "http://wap.koudaitong.com/v2/showcase/goods/allgoods?kdt_id=7560&p=5&t=0" "Mozilla/5.0 (Linux; U; Android 4.0.4; zh-cn; OPPOT29 Build/IMM76D) AppleWebKit/534.30 (KHTML, like Gecko) Version/4.0 Mobile Safari/534.30 MicroMessenger/5.3.0.51_r697493.440" "112.92.231.20" tjkoudaitong "KDTSESSIONID=bm1qs1ola3jl7jchl32rmcoff1; Hm_lvt_d6b01fe48ad0f9291cd04178c6796787=1402975567; Hm_lpvt_d6b01fe48ad0f9291cd04178c6796787=1402977093; fans_id=24982439; is_fans=1; _kdt_id_=7560"
Jun 17 11:53:01 bj-tj2 NGINX[2835]: 10.255.252.1 - - [17/Jun/2014:11:53:01 +0800] "GET /1.gif?spm=sc6021_h6026_f1046980&fm=display&referer_url=http%3A%2F%2Fwap.koudaitong.com%2Fv2%2Fshowcase%2Fhomepage%3Fkdt_id%3D7057%26spm%3Dsc6021&title=%E7%AD%BE%E5%88%B0%E8%AF%A6%E7%BB%86%E8%A7%A3%20-%20%E7%87%95%E5%AD%90%E5%9F%8E%E5%A0%A1&time=1402977098592 HTTP/1.1" 200 10 "http://wap.koudaitong.com/v2/showcase/feature?alias=lkdgnm6a&spm=sc6021_h6026" "Mozilla/5.0 (iPhone; CPU iPhone OS 7_1_1 like Mac OS X) AppleWebKit/537.51.2 (KHTML, like Gecko) Mobile/11D201 MicroMessenger/5.3" "219.155.156.192" tjkoudaitong "_kdt_id_=7057; fans_id=8527980; Hm_lpvt_d6b01fe48ad0f9291cd04178c6796787=1402977091; Hm_lvt_d6b01fe48ad0f9291cd04178c6796787=1402294117,1402294165,1402842699,1402977032; is_fans=1; KDTSESSIONID=f54aikotkomrvb3k2k0gd26me0; ut=VUDWocUPrkElYsR-139723655142370"
Jun 17 11:53:01 bj-tj1 NGINX[2637]: 10.255.252.1 - - [17/Jun/2014:11:53:01 +0800] "GET /1.gif?spm=m1402976668033208097817234.sendall_f1143682&fm=display_network&title=%E7%9F%AD%E8%A2%96%E9%9B%86%E9%94%A6%20-%20YNHOME&msg=network_type%3Awifi&time=1402977364460 HTTP/1.1" 200 10 "http://wap.koudaitong.com/v2/showcase/feature?alias=c64oy7ep&spm=m1402976668033208097817234.sendall" "Mozilla/5.0 (Linux; U; Android 4.1.2; zh-cn; LT26i Build/6.2.B.0.200) AppleWebKit/534.30 (KHTML, like Gecko) Version/4.0 Mobile Safari/534.30 MicroMessenger/5.3.0.51_r697493.440" "49.113.248.45" tjkoudaitong "KDTSESSIONID=bmlsmkqj7qv505pq1c8ts7pct5; _kdt_id_=261; Hm_lvt_d6b01fe48ad0f9291cd04178c6796787=1402977295; Hm_lpvt_d6b01fe48ad0f9291cd04178c6796787=1402977358"
Jun 17 11:53:01 bj-tj2 NGINX[2835]: 10.255.252.1 - - [17/Jun/2014:11:53:01 +0800] "GET /1.gif?spm=h13206_SI1332251&fm=display&time=1402977098248 HTTP/1.1" 200 10 "http://wap.koudaitong.com/v2/showcase/homepage?alias=32ay4ck9" "Mozilla/5.0 (Linux; U; Android 4.3; zh-cn; GT-I9308 Build/JSS15J) AppleWebKit/534.30 (KHTML, like Gecko) Version/4.0 Mobile Safari/534.30 MicroMessenger/5.3.0.51_r697493.440" "114.245.26.230" tjkoudaitong "KDTSESSIONID=ak641e6gbvie0fi0vf1jt7i7k7; fans_id=9656089; is_fans=1; _kdt_id_=14231; Hm_lvt_d6b01fe48ad0f9291cd04178c6796787=1402975593; Hm_lpvt_d6b01fe48ad0f9291cd04178c6796787=1402977097"
Jun 17 11:53:01 bj-tj1 NGINX[2637]: 10.255.252.1 - - [17/Jun/2014:11:53:01 +0800] "GET /1.gif?spm=h20&fm=display&title=%E5%BE%A1%E6%B3%A5%E5%9D%8A%E5%BE%AE%E4%BF%A1%E5%95%86%E5%9F%8E%20-%20%E5%BE%A1%E6%B3%A5%E5%9D%8A%E6%B3%A5%E6%B5%86%E7%94%B7&display_goods=1288139,1200269,1206363,1209843,1283828,1196104,1791072,1208511,104632,1789888,1210692,1216167,1210691,1213031,1208514,1210689,1210685,1210682,1169557&time=1402977638600 HTTP/1.1" 200 10 "http://wap.koudaitong.com/v2/showcase/homepage?alias=tmx1sp" "Mozilla/5.0 (Linux; U; Android 4.1.1; zh-cn; MI 2S Build/JRO03L) AppleWebKit/534.30 (KHTML, like Gecko) Version/4.0 Mobile Safari/534.30 MicroMessenger/5.3.0.51_r697493.440" "123.52.42.168" tjkoudaitong "KDTSESSIONID=27o3i8cc5scimmjk92ihj7egg7; _kdt_id_=33"
Jun 17 11:53:01 bj-tj2 NGINX[2835]: 10.255.252.1 - - [17/Jun/2014:11:53:01 +0800] "GET /1.gif?spm=f1110751_f1102612_t1185569_SI1501227&fm=display&referer_url=http%3A%2F%2Fwap.koudaitong.com%2Fv2%2Fshowcase%2Ffeature%3Falias%3D1gpykppvi%26spm%3Df1110751&time=1402977112064 HTTP/1.1" 200 10 "http://wap.koudaitong.com/v2/showcase/tag?alias=l5o0jjms&spm=f1110751_f1102612" "Mozilla/5.0 (Linux; U; Android 4.3; zh-cn; SCH-I679 Build/JLS36C) AppleWebKit/534.30 (KHTML, like Gecko) Version/4.0 Mobile Safari/534.30 MicroMessenger/5.2.380" "27.226.231.230" tjkoudaitong "KDTSESSIONID=d5gjm62nkomh37jtg5rvkd8ss5; _kdt_id_=18530; Hm_lvt_d6b01fe48ad0f9291cd04178c6796787=1402972629; Hm_lpvt_d6b01fe48ad0f9291cd04178c6796787=1402977068"
Jun 17 11:53:01 bj-tj2 NGINX[2835]: 10.255.252.1 - - [17/Jun/2014:11:53:01 +0800] "GET /1.gif?spm=h3795_t1036661_g1321529&fm=display&referer_url=http%3A%2F%2Fwap.koudaitong.com%2Fv2%2Fshowcase%2Ftag%3Falias%3D1hp3y9sup%26spm%3Dh3795&title=%E3%80%90%E4%BA%A7%E5%9C%B0%E7%9B%B4%E4%BE%9B%E3%80%91%E8%8C%82%E5%90%8D%20%E6%A1%82%E5%91%B3%E8%8D%94%E6%9E%9D%20%E5%8F%A3%E6%84%9F%E5%8D%87%E7%BA%A7%2099%E5%85%83/5%E6%96%A4%EF%BC%8C6%E6%9C%8819%E6%97%A524:00%E5%89%8D%E4%B8%8B%E5%8D%95%E5%86%8D%E9%80%812%E6%96%A4%206%E6%9C%8821%E8%B5%B7%E5%8F%91%E8%B4%A7%2048%E5%B0%8F%E6%97%B6%E6%96%B0%E9%B2%9C%E7%9B%B4%E8%BE%BE%20-%20%E7%BB%BF%E7%A6%BE%E7%BD%91&time=1402977096804 HTTP/1.1" 200 10 "http://wap.koudaitong.com/v2/showcase/goods?alias=xhndbkzg&spm=h3795_t1036661" "Mozilla/5.0 (Linux; U; Android 4.2.2; zh-cn; GT-I9082 Build/JDQ39) AppleWebKit/534.30 (KHTML, like Gecko) Version/4.0 Mobile Safari/534.30 MicroMessenger/5.3.0.80_r701542.440" "122.243.92.41" tjkoudaitong "KDTSESSIONID=v78l2q95g88ktouds5ml35d792; Hm_lvt_d6b01fe48ad0f9291cd04178c6796787=1402890104; Hm_lpvt_d6b01fe48ad0f9291cd04178c6796787=1402977086; fans_id=23360118; is_fans=1; _kdt_id_=5237"
Jun 17 11:53:01 bj-tj2 NGINX[2835]: 10.255.252.1 - - [17/Jun/2014:11:53:01 +0800] "GET /1.gif?spm=m1402977155976449159425468.subscribe_f1120973_f1072595&fm=display&referer_url=http%3A%2F%2Fwap.koudaitong.com%2Fv2%2Fshowcase%2Ffeature%3Falias%3Dlxkt9eto%26spm%3Dm1402977155976449159425468.subscribe&title=%E5%B0%8F%E4%B9%9F%C2%B7%E4%BB%8A%E6%97%A5%E5%9B%A2%E8%B4%AD%20-%20%E5%B0%8F%E4%B9%9F%E6%97%97%E8%88%B0%E5%BA%97&time=1402977099162 HTTP/1.1" 200 10 "http://wap.koudaitong.com/v2/showcase/feature?alias=3079y719&spm=m1402977155976449159425468.subscribe_f1120973" "Mozilla/5.0 (iPhone; CPU iPhone OS 7_1_1 like Mac OS X) AppleWebKit/537.51.2 (KHTML, like Gecko) Mobile/11D201 MicroMessenger/5.3" "119.98.42.174" tjkoudaitong "_kdt_id_=13795; Hm_lpvt_d6b01fe48ad0f9291cd04178c6796787=1402977088; Hm_lvt_d6b01fe48ad0f9291cd04178c6796787=1402977088; KDTSESSIONID=sg5qe9oh9sbe389kc5r96cjgb7"
Jun 17 11:53:01 bj-tj2 NGINX[2835]: 10.255.252.1 - - [17/Jun/2014:11:53:01 +0800] "GET /1.gif?spm=h12519_h12519_SI1809169&fm=display&referer_url=http%3A%2F%2Fwap.koudaitong.com%2Fv2%2Fshowcase%2Fhomepage%3Fkdt_id%3D13544&time=1402977095157 HTTP/1.1" 200 10 "http://wap.koudaitong.com/v2/showcase/homepage?alias=93rxib2n&spm=h12519" "Mozilla/5.0 (Linux; U; Android 4.2.1; zh-cn; Pioneer S90w Build/PioneerS90w) AppleWebKit/534.30 (KHTML, like Gecko) Version/4.0 Mobile Safari/534.30 MicroMessenger/5.3.0.51_r697493.440" "121.22.44.2" tjkoudaitong "KDTSESSIONID=9c6cg15uqmc88i943a8748jgv7; Hm_lvt_d6b01fe48ad0f9291cd04178c6796787=1402917222; Hm_lpvt_d6b01fe48ad0f9291cd04178c6796787=1402977091; fans_id=20046466; is_fans=1; _kdt_id_=13544"
Jun 17 11:53:01 bj-tj2 NGINX[2835]: 10.255.252.1 - - [17/Jun/2014:11:53:01 +0800] "GET /1.gif?spm=h12519_h12519_SI1809185&fm=display&referer_url=http%3A%2F%2Fwap.koudaitong.com%2Fv2%2Fshowcase%2Fhomepage%3Fkdt_id%3D13544&time=1402977095165 HTTP/1.1" 200 10 "http://wap.koudaitong.com/v2/showcase/homepage?alias=93rxib2n&spm=h12519" "Mozilla/5.0 (Linux; U; Android 4.2.1; zh-cn; Pioneer S90w Build/PioneerS90w) AppleWebKit/534.30 (KHTML, like Gecko) Version/4.0 Mobile Safari/534.30 MicroMessenger/5.3.0.51_r697493.440" "121.22.44.2" tjkoudaitong "KDTSESSIONID=9c6cg15uqmc88i943a8748jgv7; Hm_lvt_d6b01fe48ad0f9291cd04178c6796787=1402917222; Hm_lpvt_d6b01fe48ad0f9291cd04178c6796787=1402977091; fans_id=20046466; is_fans=1; _kdt_id_=13544"
Jun 17 11:53:01 bj-tj2 NGINX[2835]: 10.255.252.1 - - [17/Jun/2014:11:53:01 +0800] "GET /1.gif?fm=display_network&title=%E5%BE%A1%E6%B3%A5%E5%9D%8A%E8%B6%85%E7%BA%A7%E5%88%AE%E5%88%AE%E5%8D%A1%20-%20%E5%BE%A1%E6%B3%A5%E5%9D%8A%E6%B3%A5%E6%B5%86%E7%94%B7&msg=network_type%3Awifi&time=1402977096237 HTTP/1.1" 200 10 "http://wap.koudaitong.com/v2/apps/cards?alias=bzyfh7bj&redirect_count=1" "Mozilla/5.0 (Linux; U; Android 4.2.1; zh-cn; U707T Build/JOP40D) AppleWebKit/534.30 (KHTML, like Gecko) Version/4.0 Mobile Safari/534.30 MicroMessenger/5.3.0.51_r697493.440" "111.201.188.247" tjkoudaitong "KDTSESSIONID=7utl0usicfkupio2mo97dfbh22; _kdt_id_=33; Hm_lvt_d6b01fe48ad0f9291cd04178c6796787=1402976938; Hm_lpvt_d6b01fe48ad0f9291cd04178c6796787=1402977095"
Jun 17 11:53:01 bj-tj2 NGINX[2835]: 10.255.252.1 - - [17/Jun/2014:11:53:01 +0800] "GET /1.gif?spm=sc6021_h6026_f1046980&fm=display_network&referer_url=http%3A%2F%2Fwap.koudaitong.com%2Fv2%2Fshowcase%2Fhomepage%3Fkdt_id%3D7057%26spm%3Dsc6021&title=%E7%AD%BE%E5%88%B0%E8%AF%A6%E7%BB%86%E8%A7%A3%20-%20%E7%87%95%E5%AD%90%E5%9F%8E%E5%A0%A1&msg=network_type%3Awifi&time=1402977098793 HTTP/1.1" 200 10 "http://wap.koudaitong.com/v2/showcase/feature?alias=lkdgnm6a&spm=sc6021_h6026" "Mozilla/5.0 (iPhone; CPU iPhone OS 7_1_1 like Mac OS X) AppleWebKit/537.51.2 (KHTML, like Gecko) Mobile/11D201 MicroMessenger/5.3" "219.155.156.192" tjkoudaitong "_kdt_id_=7057; fans_id=8527980; Hm_lpvt_d6b01fe48ad0f9291cd04178c6796787=1402977099; Hm_lvt_d6b01fe48ad0f9291cd04178c6796787=1402294117,1402294165,1402842699,1402977032; is_fans=1; KDTSESSIONID=f54aikotkomrvb3k2k0gd26me0; ut=VUDWocUPrkElYsR-139723655142370"
Jun 17 11:53:01 bj-tj1 NGINX[2637]: 10.255.252.1 - - [17/Jun/2014:11:53:01 +0800] "GET /1.gif?spm=f1036801_f1037397&fm=display&referer_url=http%3A%2F%2Fwap.koudaitong.com%2Fv2%2Fshowcase%2Ffeature%3Falias%3Dfjiqk0r1&title=%E9%AB%98%E7%BA%A7%E6%90%9C%E7%B4%A2%20-%20%E5%BB%BA%E5%8F%91%E9%85%92%E4%B8%9A&time=1402977096885 HTTP/1.1" 200 10 "http://wap.koudaitong.com/v2/showcase/feature?alias=n6du702v&spm=f1036801" "Mozilla/5.0 (iPhone; CPU iPhone OS 7_1 like Mac OS X) AppleWebKit/537.51.2 (KHTML, like Gecko) Mobile/11D167 MicroMessenger/5.3" "211.97.128.249" tjkoudaitong "_kdt_id_=8105; fans_id=25573656; Hm_lpvt_d6b01fe48ad0f9291cd04178c6796787=1402977085; Hm_lvt_d6b01fe48ad0f9291cd04178c6796787=1402975885; is_fans=1; KDTSESSIONID=8vq16vhqhl5n9pd396e1ac0fo3"
Jun 17 11:53:01 bj-tj1 NGINX[2637]: 10.255.252.1 - - [17/Jun/2014:11:53:01 +0800] "GET /1.gif?spm=h5235_f1025358_f1032600_f1038315_f1026428&fm=display_network&referer_url=http%3A%2F%2Fwap.koudaitong.com%2Fv2%2Fshowcase%2Ffeature%3Falias%3Dxl2tkmoh%26spm%3Dh5235_f1025358_f1032600&title=%E8%85%B9%E8%82%8C%E8%AE%AD%E7%BB%83%E8%AE%A1%E5%88%92%20-%20%E8%B7%91%E6%AD%A5%E4%B9%8B%E5%AE%B6&msg=network_type%3Awifi&time=1402977098740 HTTP/1.1" 200 10 "http://wap.koudaitong.com/v2/showcase/feature?alias=5nmmyvn6&spm=h5235_f1025358_f1032600_f1038315" "Mozilla/5.0 (iPhone; CPU iPhone OS 7_1_1 like Mac OS X) AppleWebKit/537.51.2 (KHTML, like Gecko) Mobile/11D201 MicroMessenger/5.3" "218.56.133.210" tjkoudaitong "_kdt_id_=6266; Hm_lpvt_d6b01fe48ad0f9291cd04178c6796787=1402977096; Hm_lvt_d6b01fe48ad0f9291cd04178c6796787=1402051964,1402132541,1402285720,1402969574; KDTSESSIONID=uknlobsfkjg4soc6jdtcbd9m94"
Jun 17 11:53:01 bj-tj1 NGINX[2637]: 10.255.252.1 - - [17/Jun/2014:11:53:01 +0800] "GET /1.gif?spm=SI1848618&fm=display&referer_url=http%3A%2F%2Fwap.koudaitong.com%2Fv2%2Fshowcase%2Fgoods%2Fallgoods%3Fkdt_id%3D7560%26p%3D4%26t%3D0&time=1402977095477 HTTP/1.1" 200 10 "http://wap.koudaitong.com/v2/showcase/goods/allgoods?kdt_id=7560&p=5&t=0" "Mozilla/5.0 (Linux; U; Android 4.0.4; zh-cn; OPPOT29 Build/IMM76D) AppleWebKit/534.30 (KHTML, like Gecko) Version/4.0 Mobile Safari/534.30 MicroMessenger/5.3.0.51_r697493.440" "112.92.231.20" tjkoudaitong "KDTSESSIONID=bm1qs1ola3jl7jchl32rmcoff1; Hm_lvt_d6b01fe48ad0f9291cd04178c6796787=1402975567; Hm_lpvt_d6b01fe48ad0f9291cd04178c6796787=1402977093; fans_id=24982439; is_fans=1; _kdt_id_=7560"
Jun 17 11:53:01 bj-tj1 NGINX[2637]: 10.255.252.1 - - [17/Jun/2014:11:53:01 +0800] "GET /1.gif?spm=SI1848619&fm=display&referer_url=http%3A%2F%2Fwap.koudaitong.com%2Fv2%2Fshowcase%2Fgoods%2Fallgoods%3Fkdt_id%3D7560%26p%3D4%26t%3D0&time=1402977095500 HTTP/1.1" 200 10 "http://wap.koudaitong.com/v2/showcase/goods/allgoods?kdt_id=7560&p=5&t=0" "Mozilla/5.0 (Linux; U; Android 4.0.4; zh-cn; OPPOT29 Build/IMM76D) AppleWebKit/534.30 (KHTML, like Gecko) Version/4.0 Mobile Safari/534.30 MicroMessenger/5.3.0.51_r697493.440" "112.92.231.20" tjkoudaitong "KDTSESSIONID=bm1qs1ola3jl7jchl32rmcoff1; Hm_lvt_d6b01fe48ad0f9291cd04178c6796787=1402975567; Hm_lpvt_d6b01fe48ad0f9291cd04178c6796787=1402977093; fans_id=24982439; is_fans=1; _kdt_id_=7560"
Jun 17 11:53:01 bj-tj2 NGINX[2839]: 10.255.252.1 - - [17/Jun/2014:11:53:01 +0800] "GET /1.gif?spm=SI1848620&fm=display&referer_url=http%3A%2F%2Fwap.koudaitong.com%2Fv2%2Fshowcase%2Fgoods%2Fallgoods%3Fkdt_id%3D7560%26p%3D4%26t%3D0&time=1402977095513 HTTP/1.1" 200 10 "http://wap.koudaitong.com/v2/showcase/goods/allgoods?kdt_id=7560&p=5&t=0" "Mozilla/5.0 (Linux; U; Android 4.0.4; zh-cn; OPPOT29 Build/IMM76D) AppleWebKit/534.30 (KHTML, like Gecko) Version/4.0 Mobile Safari/534.30 MicroMessenger/5.3.0.51_r697493.440" "112.92.231.20" tjkoudaitong "KDTSESSIONID=bm1qs1ola3jl7jchl32rmcoff1; Hm_lvt_d6b01fe48ad0f9291cd04178c6796787=1402975567; Hm_lpvt_d6b01fe48ad0f9291cd04178c6796787=1402977093; fans_id=24982439; is_fans=1; _kdt_id_=7560"
Jun 17 11:53:01 bj-tj1 NGINX[2637]: 10.255.252.1 - - [17/Jun/2014:11:53:01 +0800] "GET /1.gif?spm=SI1848621&fm=display&referer_url=http%3A%2F%2Fwap.koudaitong.com%2Fv2%2Fshowcase%2Fgoods%2Fallgoods%3Fkdt_id%3D7560%26p%3D4%26t%3D0&time=1402977095524 HTTP/1.1" 200 10 "http://wap.koudaitong.com/v2/showcase/goods/allgoods?kdt_id=7560&p=5&t=0" "Mozilla/5.0 (Linux; U; Android 4.0.4; zh-cn; OPPOT29 Build/IMM76D) AppleWebKit/534.30 (KHTML, like Gecko) Version/4.0 Mobile Safari/534.30 MicroMessenger/5.3.0.51_r697493.440" "112.92.231.20" tjkoudaitong "KDTSESSIONID=bm1qs1ola3jl7jchl32rmcoff1; Hm_lvt_d6b01fe48ad0f9291cd04178c6796787=1402975567; Hm_lpvt_d6b01fe48ad0f9291cd04178c6796787=1402977093; fans_id=24982439; is_fans=1; _kdt_id_=7560"
Jun 17 11:53:01 bj-tj1 NGINX[2637]: 10.255.252.1 - - [17/Jun/2014:11:53:01 +0800] "GET /1.gif?spm=SI1848622&fm=display&referer_url=http%3A%2F%2Fwap.koudaitong.com%2Fv2%2Fshowcase%2Fgoods%2Fallgoods%3Fkdt_id%3D7560%26p%3D4%26t%3D0&time=1402977095534 HTTP/1.1" 200 10 "http://wap.koudaitong.com/v2/showcase/goods/allgoods?kdt_id=7560&p=5&t=0" "Mozilla/5.0 (Linux; U; Android 4.0.4; zh-cn; OPPOT29 Build/IMM76D) AppleWebKit/534.30 (KHTML, like Gecko) Version/4.0 Mobile Safari/534.30 MicroMessenger/5.3.0.51_r697493.440" "112.92.231.20" tjkoudaitong "KDTSESSIONID=bm1qs1ola3jl7jchl32rmcoff1; Hm_lvt_d6b01fe48ad0f9291cd04178c6796787=1402975567; Hm_lpvt_d6b01fe48ad0f9291cd04178c6796787=1402977093; fans_id=24982439; is_fans=1; _kdt_id_=7560"
Jun 17 11:53:01 bj-tj2 NGINX[2839]: 10.255.252.1 - - [17/Jun/2014:11:53:01 +0800] "GET /1.gif?spm=SI1848623&fm=display&referer_url=http%3A%2F%2Fwap.koudaitong.com%2Fv2%2Fshowcase%2Fgoods%2Fallgoods%3Fkdt_id%3D7560%26p%3D4%26t%3D0&time=1402977095544 HTTP/1.1" 200 10 "http://wap.koudaitong.com/v2/showcase/goods/allgoods?kdt_id=7560&p=5&t=0" "Mozilla/5.0 (Linux; U; Android 4.0.4; zh-cn; OPPOT29 Build/IMM76D) AppleWebKit/534.30 (KHTML, like Gecko) Version/4.0 Mobile Safari/534.30 MicroMessenger/5.3.0.51_r697493.440" "112.92.231.20" tjkoudaitong "KDTSESSIONID=bm1qs1ola3jl7jchl32rmcoff1; Hm_lvt_d6b01fe48ad0f9291cd04178c6796787=1402975567; Hm_lpvt_d6b01fe48ad0f9291cd04178c6796787=1402977093; fans_id=24982439; is_fans=1; _kdt_id_=7560"
Jun 17 11:53:01 bj-tj1 NGINX[2637]: 10.255.252.1 - - [17/Jun/2014:11:53:01 +0800] "GET /1.gif?spm=f1071260&fm=display&title=%E5%93%81%E7%89%8C%E7%B2%BE%E7%A5%9E%20-%20%E5%AD%99%E5%B0%8F%E5%9C%A3%E6%97%97%E8%88%B0%E5%BA%97&time=1402977112418 HTTP/1.1" 200 10 "http://wap.koudaitong.com/v2/showcase/feature?alias=1h5uxxpop" "Mozilla/5.0 (Linux; U; Android 2.3.5; zh-cn; YL-Coolpad 5109 Build/GRJ90) AppleWebKit/533.1 (KHTML, like Gecko) Version/4.0 Mobile Safari/533.1 MicroMessenger/5.3.0.80_r701542.440" "180.98.33.202" tjkoudaitong "KDTSESSIONID=9patp7dvvl9lpnd01p3u3iafb0; _kdt_id_=9721"
Jun 17 11:53:01 bj-tj1 NGINX[2637]: 10.255.252.1 - - [17/Jun/2014:11:53:01 +0800] "GET /1.gif?spm=f1135093&fm=click&url=http%3A%2F%2Fwap.koudaitong.com%2Fv2%2Fshowcase%2Fhomepage%3Fkdt_id%3D17&title=%E4%B8%BB%E9%A1%B5&click_type=menu&time=1402977096697 HTTP/1.1" 200 10 "http://wap.koudaitong.com/v2/showcase/feature?alias=1cik7gb43" "Mozilla/5.0 (iPhone; CPU iPhone OS 7_1 like Mac OS X) AppleWebKit/537.51.2 (KHTML, like Gecko) Mobile/11D167 MicroMessenger/5.3" "220.202.153.69" tjkoudaitong "_kdt_id_=17; fans_id=73703; Hm_lpvt_d6b01fe48ad0f9291cd04178c6796787=1402977093; Hm_lvt_d6b01fe48ad0f9291cd04178c6796787=1402977064; is_fans=1; KDTSESSIONID=1sh30c3ph2li37ulllpn895h24"
Jun 17 11:53:01 bj-tj1 NGINX[2637]: 10.255.252.1 - - [17/Jun/2014:11:53:01 +0800] "GET /1.gif?spm=SI1848624&fm=display&referer_url=http%3A%2F%2Fwap.koudaitong.com%2Fv2%2Fshowcase%2Fgoods%2Fallgoods%3Fkdt_id%3D7560%26p%3D4%26t%3D0&time=1402977095561 HTTP/1.1" 200 10 "http://wap.koudaitong.com/v2/showcase/goods/allgoods?kdt_id=7560&p=5&t=0" "Mozilla/5.0 (Linux; U; Android 4.0.4; zh-cn; OPPOT29 Build/IMM76D) AppleWebKit/534.30 (KHTML, like Gecko) Version/4.0 Mobile Safari/534.30 MicroMessenger/5.3.0.51_r697493.440" "112.92.231.20" tjkoudaitong "KDTSESSIONID=bm1qs1ola3jl7jchl32rmcoff1; Hm_lvt_d6b01fe48ad0f9291cd04178c6796787=1402975567; Hm_lpvt_d6b01fe48ad0f9291cd04178c6796787=1402977093; fans_id=24982439; is_fans=1; _kdt_id_=7560"
Jun 17 11:53:01 bj-tj1 NGINX[2635]: 10.255.252.1 - - [17/Jun/2014:11:53:01 +0800] "GET /1.gif?spm=f1123369&fm=display&title=%E6%91%87%E5%8A%A8%E5%85%A8%E4%B8%AD%E5%9B%BD%20-%20%E5%A4%AE%E5%B9%BF%E8%B4%AD%E7%89%A9&time=1402977096332 HTTP/1.1" 200 10 "http://wap.koudaitong.com/v2/showcase/feature?alias=a7y1d8pg" "Mozilla/5.0 (Linux; U; Android 4.1.2; zh-cn; GT-I9082 Build/JZO54K) AppleWebKit/534.30 (KHTML, like Gecko) Version/4.0 Mobile Safari/534.30 MicroMessenger/5.3.0.80_r701542.440" "117.15.23.157" tjkoudaitong "KDTSESSIONID=3ltfb9rn9m3bkou4prfq3dgtc5; Hm_lvt_d6b01fe48ad0f9291cd04178c6796787=1402666623; Hm_lpvt_d6b01fe48ad0f9291cd04178c6796787=1402976998; _kdt_id_=7560"
Jun 17 11:53:01 bj-tj1 NGINX[2635]: 10.255.252.1 - - [17/Jun/2014:11:53:01 +0800] "GET /1.gif?spm=f1036801_f1037397&fm=display_network&referer_url=http%3A%2F%2Fwap.koudaitong.com%2Fv2%2Fshowcase%2Ffeature%3Falias%3Dfjiqk0r1&title=%E9%AB%98%E7%BA%A7%E6%90%9C%E7%B4%A2%20-%20%E5%BB%BA%E5%8F%91%E9%85%92%E4%B8%9A&msg=network_type%3Aedge&time=1402977097322 HTTP/1.1" 200 10 "http://wap.koudaitong.com/v2/showcase/feature?alias=n6du702v&spm=f1036801" "Mozilla/5.0 (iPhone; CPU iPhone OS 7_1 like Mac OS X) AppleWebKit/537.51.2 (KHTML, like Gecko) Mobile/11D167 MicroMessenger/5.3" "211.97.128.249" tjkoudaitong "_kdt_id_=8105; fans_id=25573656; Hm_lpvt_d6b01fe48ad0f9291cd04178c6796787=1402977097; Hm_lvt_d6b01fe48ad0f9291cd04178c6796787=1402975885; is_fans=1; KDTSESSIONID=8vq16vhqhl5n9pd396e1ac0fo3"
Jun 17 11:53:01 bj-tj2 NGINX[2839]: 10.255.252.1 - - [17/Jun/2014:11:53:01 +0800] "GET /1.gif?spm=f1107617&fm=display&title=%E5%BE%AE%E6%9D%82%E5%BF%97%20-%20%E5%B0%8F%E7%BE%8E%E7%89%B9%E5%8D%96%E6%B1%87&time=1402977095120 HTTP/1.1" 200 10 "http://wap.koudaitong.com/v2/showcase/feature?alias=rm5jg37r" "Mozilla/5.0 (iPhone; CPU iPhone OS 7_0_6 like Mac OS X) AppleWebKit/537.51.1 (KHTML, like Gecko) Mobile/11B651 MicroMessenger/5.2.1" "112.12.249.71" tjkoudaitong "_kdt_id_=23597; fans_id=25180048; Hm_lvt_d6b01fe48ad0f9291cd04178c6796787=1402793793,1402806218,1402885509,1402915693; is_fans=2; KDTSESSIONID=t3ef5re72fvhhqeqlanpu1jep0"
Jun 17 11:53:01 bj-tj1 NGINX[2635]: 10.255.252.1 - - [17/Jun/2014:11:53:01 +0800] "GET /1.gif?spm=f1093199&fm=display&title=%E6%AF%95%E4%B8%9A%E5%AD%A3%E4%B8%93%E5%9C%BA%20-%20%E8%87%B3%E7%88%B1%E5%A9%9A%E7%BA%B1%E6%91%84%E5%BD%B1&time=1402977096116 HTTP/1.1" 200 10 "http://wap.koudaitong.com/v2/showcase/feature?alias=p4utruzv" "Mozilla/5.0 (Linux; U; Android 4.2.1; zh-cn; MI 3 Build/JOP40D) AppleWebKit/534.30 (KHTML, like Gecko) Version/4.0 Mobile Safari/534.30 MicroMessenger/5.3.0.51_r697493.440" "42.185.80.124" tjkoudaitong "KDTSESSIONID=ivos6vqhlbo1psv63n2gvfmgt6; _kdt_id_=17268"
Jun 17 11:53:01 bj-tj2 NGINX[2839]: 10.255.252.1 - - [17/Jun/2014:11:53:01 +0800] "GET /1.gif?spm=h14961_t1148535_g1291802&fm=display_network&referer_url=http%3A%2F%2Fwap.koudaitong.com%2Fv2%2Fshowcase%2Ftag%3Falias%3Doochg32o%26spm%3Dh14961&title=%E3%80%90413&time=1402977266384 HTTP/1.1" 200 10 "http://wap.koudaitong.com/v2/showcase/goods?alias=1e6vvmgl7&spm=h14961_t1148535" "Mozilla/5.0 (Linux; Android 4.4.2; SM-N9006 Build/KOT49H) AppleWebKit/537.36 (KHTML, like Gecko) Version/4.0 Chrome/30.0.0.0 Mobile Safari/537.36 MicroMessenger/5.2.1.400" "221.208.34.226" tjkoudaitong "KDTSESSIONID=lsmhi4o747l51h65kdiru7j0d4; fans_id=25543942; is_fans=1; _kdt_id_=15986; Hm_lvt_d6b01fe48ad0f9291cd04178c6796787=1402934232,1402977176; Hm_lpvt_d6b01fe48ad0f9291cd04178c6796787=1402977265"
Jun 17 11:53:01 bj-tj2 NGINX[2835]: 10.255.252.1 - - [17/Jun/2014:11:53:01 +0800] "GET /1.gif?spm=h37326_SI1926298&fm=display&time=1402977317678 HTTP/1.1" 200 10 "http://wap.koudaitong.com/v2/showcase/homepage?alias=1an4dcwpf" "Mozilla/5.0 (Linux; U; Android 4.0.4; zh-cn; DAKELE MC001 Build/IMM76D) AppleWebKit/534.30 (KHTML, like Gecko) Version/4.0 Mobile Safari/534.30 MicroMessenger/5.3.0.80_r701542.440" "219.150.116.55" tjkoudaitong "KDTSESSIONID=ebe98lfg9cf7gltbapdj4ns6n1; nobody_sign=539fb728c6b5b; Hm_lvt_d6b01fe48ad0f9291cd04178c6796787=1402976177; Hm_lpvt_d6b01fe48ad0f9291cd04178c6796787=1402977310; fans_id=25573756; is_fans=1; _kdt_id_=38648"
Jun 17 11:53:01 bj-tj1 NGINX[2635]: 10.255.252.1 - - [17/Jun/2014:11:53:01 +0800] "GET /1.gif?spm=m1401357613549404307926773.sendall_f1111663&fm=display_network&title=%E7%85%A7%E8%BF%99%E4%B8%AA%E7%BB%99%E5%A5%B3%E5%84%BF%E6%A2%B3%E5%A4%B4%E5%8F%91%E5%90%A7%EF%BC%8C%E5%A4%AA%E5%8F%AF%E7%88%B1%E4%BA%86%20-%20%E8%8A%9D%E6%9B%BC%E4%B8%93%E4%B8%9A%E6%8A%A4%E5%8F%91&msg=network_type%3Awifi&time=1402977146193 HTTP/1.1" 200 10 "http://shop192683.koudaitong.com/v2/showcase/feature?alias=n1piiggu&spm=m1401357613549404307926773.sendall&from=timeline&isappinstalled=0&from=timeline&isappinstalled=0" "Mozilla/5.0 (Linux; U; Android 4.1.2; zh-cn; GT-S7572 Build/JZO54K) AppleWebKit/534.30 (KHTML, like Gecko) Version/4.0 Mobile Safari/534.30 MicroMessenger/5.0.351" "116.246.38.129" tjkoudaitong "KDTSESSIONID=o10kls1u2le6eqrndncqaclqt5; _kdt_id_=515; Hm_lvt_d6b01fe48ad0f9291cd04178c6796787=1402977145; Hm_lpvt_d6b01fe48ad0f9291cd04178c6796787=1402977145"
Jun 17 11:53:01 bj-tj2 NGINX[2835]: 10.255.252.1 - - [17/Jun/2014:11:53:01 +0800] "GET /1.gif?spm=f1086913&fm=display&title=%E4%BC%81%E4%B8%9A%E7%AE%80%E4%BB%8B%20-%20M%E5%95%86%E5%9F%8E&time=1402977097722 HTTP/1.1" 200 10 "http://shop209104.koudaitong.com/v2/showcase/feature?alias=1ags0g5vq" "Mozilla/5.0 (Windows NT 5.1) AppleWebKit/537.1 (KHTML, like Gecko) Chrome/21.0.1180.89 Safari/537.1" "122.234.219.85" tjkoudaitong "KDTSESSIONID=9k6r7c7k31jv5htbmeecuameh3; Hm_lvt_d6b01fe48ad0f9291cd04178c6796787=1402937077; Hm_lvt_8f9b476f1ecb7a8f4f42c7e25dea07ce=1402937711; _kdt_id_=16936"
Jun 17 11:53:01 bj-tj2 NGINX[2835]: 10.255.252.1 - - [17/Jun/2014:11:53:01 +0800] "GET /1.gif?spm=h12519_h12519_SI1809206&fm=display&referer_url=http%3A%2F%2Fwap.koudaitong.com%2Fv2%2Fshowcase%2Fhomepage%3Fkdt_id%3D13544&time=1402977095664 HTTP/1.1" 200 10 "http://wap.koudaitong.com/v2/showcase/homepage?alias=93rxib2n&spm=h12519" "Mozilla/5.0 (Linux; U; Android 4.2.1; zh-cn; Pioneer S90w Build/PioneerS90w) AppleWebKit/534.30 (KHTML, like Gecko) Version/4.0 Mobile Safari/534.30 MicroMessenger/5.3.0.51_r697493.440" "121.22.44.2" tjkoudaitong "KDTSESSIONID=9c6cg15uqmc88i943a8748jgv7; Hm_lvt_d6b01fe48ad0f9291cd04178c6796787=1402917222; Hm_lpvt_d6b01fe48ad0f9291cd04178c6796787=1402977091; fans_id=20046466; is_fans=1; _kdt_id_=13544"
Jun 17 11:53:01 bj-tj1 NGINX[2635]: 10.255.252.1 - - [17/Jun/2014:11:53:01 +0800] "GET /1.gif?spm=h12519_h12519_SI1809229&fm=display&referer_url=http%3A%2F%2Fwap.koudaitong.com%2Fv2%2Fshowcase%2Fhomepage%3Fkdt_id%3D13544&time=1402977095673 HTTP/1.1" 200 10 "http://wap.koudaitong.com/v2/showcase/homepage?alias=93rxib2n&spm=h12519" "Mozilla/5.0 (Linux; U; Android 4.2.1; zh-cn; Pioneer S90w Build/PioneerS90w) AppleWebKit/534.30 (KHTML, like Gecko) Version/4.0 Mobile Safari/534.30 MicroMessenger/5.3.0.51_r697493.440" "121.22.44.2" tjkoudaitong "KDTSESSIONID=9c6cg15uqmc88i943a8748jgv7; Hm_lvt_d6b01fe48ad0f9291cd04178c6796787=1402917222; Hm_lpvt_d6b01fe48ad0f9291cd04178c6796787=1402977091; fans_id=20046466; is_fans=1; _kdt_id_=13544"
Jun 17 11:53:01 bj-tj2 NGINX[2835]: 10.255.252.1 - - [17/Jun/2014:11:53:01 +0800] "GET /1.gif?spm=m1402974586204325166972995.sendall_f1144803&fm=display&title=%E5%AD%9D%E6%95%AC%E7%88%B6%E6%AF%8D%E7%9A%8428%E7%A7%8D%E6%96%B9%E6%B3%95%EF%BC%8C%E4%BD%A0%E4%B8%8D%E7%BB%8F%E6%84%8F%E7%9A%84%E4%B8%80%E5%8F%A5%E8%AF%9D%EF%BC%8C%E5%B0%B1%E8%83%BD%E9%80%97%E5%BE%97%E4%BB%96%E4%BB%AC%E7%9C%89%E5%BC%80%E7%9C%BC%E7%AC%91%20-%20%E6%9E%9C%E9%AD%85%E4%BA%BA%E7%94%9F&time=1402977090505 HTTP/1.1" 200 10 "http://wap.koudaitong.com/v2/showcase/feature?alias=e8kf8aem&spm=m1402974586204325166972995.sendall" "Mozilla/5.0 (Linux; U; Android 4.3; zh-cn; SM-G7106 Build/JLS36C) AppleWebKit/534.30 (KHTML, like Gecko) Version/4.0 Mobile Safari/534.30 MicroMessenger/5.2.1.400" "120.7.21.10" tjkoudaitong "KDTSESSIONID=k72nteeg5etrvrndslpga2m0m7; Hm_lvt_d6b01fe48ad0f9291cd04178c6796787=1401093907; Hm_lpvt_d6b01fe48ad0f9291cd04178c6796787=1402903927; _kdt_id_=953"
Jun 17 11:53:01 bj-tj1 NGINX[2635]: 10.255.252.1 - - [17/Jun/2014:11:53:01 +0800] "GET /1.gif?spm=h6529_g1848402&fm=display&referer_url=http%3A%2F%2Fwap.koudaitong.com%2Fv2%2Fshowcase%2Fgoods%2Fallgoods%3Fkdt_id%3D7560%26spm%3Dh6529%26redirect_count%3D1&title=%E6%B2%81%E5%9B%AD%E7%A1%85%E8%97%BB%E7%93%B7%E5%87%80%E6%B0%B4%E5%99%A81+2%E7%89%B9%E9%A6%88%E7%BB%84%20%E8%B4%A7%E5%8F%B7105714%20-%20%E5%A4%AE%E5%B9%BF%E8%B4%AD%E7%89%A9&time=1402977098474 HTTP/1.1" 200 10 "http://wap.koudaitong.com/v2/showcase/goods?alias=2e588dil&spm=h6529" "Mozilla/5.0 (iPhone; CPU iPhone OS 7_1_1 like Mac OS X) AppleWebKit/537.51.2 (KHTML, like Gecko) Mobile/11D201 MicroMessenger/5.3" "117.132.14.215" tjkoudaitong "_kdt_id_=7560; auth_key=5ad56563202485e16842025c56174ca7; check_time=1402977090; fans_id=25376728; Hm_lpvt_d6b01fe48ad0f9291cd04178c6796787=1402977093; Hm_lvt_d6b01fe48ad0f9291cd04178c6796787=1402882050,1402967759; is_fans=1; KDTSESSIONID=anh0u8hvvur2gli0s3ncmau6u7; mp_id=6202; ut=WJzXYsdJYLzSaPp-140297706577860; verify_weixin_openid=oN1EvuCdweReeGompASXuOZyjxzQ"
Jun 17 11:53:02 bj-tj2 NGINX[2835]: 10.255.252.1 - - [17/Jun/2014:11:53:02 +0800] "GET /1.gif?spm=m1402891406281352390879829.sendall_f1142789&fm=display&title=6.16%E7%81%AB%E9%80%9F%E6%99%92%E5%8D%95%EF%BC%8C%E7%9B%B4%E5%8D%87VIP%E5%92%AF%EF%BC%81%20-%20%E5%AE%9D%E6%8B%89%E7%8F%8D%E9%80%89PAULASCHOICE&time=1402977098582 HTTP/1.1" 200 10 "http://wap.koudaitong.com/v2/showcase/feature?alias=1ae5debc1&spm=m1402891406281352390879829.sendall" "Mozilla/5.0 (iPhone; CPU iPhone OS 7_0_4 like Mac OS X) AppleWebKit/537.51.1 (KHTML, like Gecko) Mobile/11B554a MicroMessenger/5.3" "27.151.244.234" tjkoudaitong "_kdt_id_=939; fans_id=3341515; Hm_lpvt_d6b01fe48ad0f9291cd04178c6796787=1402977057; Hm_lvt_d6b01fe48ad0f9291cd04178c6796787=1402371700,1402550826,1402636770,1402891629; is_fans=1; KDTSESSIONID=mhk125n90kfk2l6ddekoqs0bq2"
Jun 17 11:53:02 bj-tj1 NGINX[2635]: 10.255.252.1 - - [17/Jun/2014:11:53:02 +0800] "GET /1.gif?spm=t1027960&fm=display&referer_url=http%3A%2F%2Fwap.koudaitong.com%2Fv2%2Fshowcase%2Ftag%3Falias%3Dxiki9aka%26page%3D2&title=%E4%BA%BA%E6%B0%94%E7%83%AD%E5%8D%96%20-%20%E9%95%BF%E7%94%9F%E9%B8%9F%E7%8F%8D%E7%8F%A0%E7%B2%89&display_goods=1182839,1182751,1167983,1167964,1167953,1167950,1167949&time=1402977101081 HTTP/1.1" 200 10 "http://wap.koudaitong.com/v2/showcase/tag?alias=xiki9aka&page=3" "Mozilla/5.0 (Linux; U; Android 4.2.2; zh-cn; Readboy_G30 Build/JDQ39) AppleWebKit/534.30 (KHTML, like Gecko) Version/4.0 Safari/534.30 MicroMessenger/5.3.0.80_r701542.440" "117.60.223.162" tjkoudaitong "KDTSESSIONID=9knp6n36v5v38e66m4p2ub8s30; ut=HodBBneeCkAgcQJ-140297660791938; verify_weixin_openid=oeKGdjkLnYGhdn4j69vheGn3MsDE; auth_key=2966c9a59f5038c6fb8712af063f5c60; check_time=1402976852; mp_id=27; Hm_lvt_d6b01fe48ad0f9291cd04178c6796787=1402976532; Hm_lpvt_d6b01fe48ad0f9291cd04178c6796787=1402977093; fans_id=20177674; is_fans=1; _kdt_id_=27"
Jun 17 11:53:02 bj-tj2 NGINX[2835]: 10.255.252.1 - - [17/Jun/2014:11:53:02 +0800] "GET /1.gif?spm=g1812117&fm=display&referer_url=http%3A%2F%2Fwap.koudaitong.com%2Fv2%2Fshowcase%2Fgoods%2Fsearch%3Fq%3D%25E7%2588%25BD%25E8%2582%25A4%25E6%25B0%25B4%26kdt_id%3D538%26redirect_count%3D1&title=%E3%80%90%E7%A7%92%E6%9D%80%E3%80%91BEDOOK%20%E5%91%8A%E5%88%AB%E6%B2%B9%E5%85%89%E8%8C%B6%E6%A0%91%E7%88%BD%E8%82%A4%E6%B0%B4%20%E6%8E%A7%E6%B2%B9%E4%BF%9D%E6%B9%BF%E5%8E%BB%E6%B2%B9%E5%85%89%E7%A5%9B%E7%97%98%E7%88%BD%E8%82%A4%E6%B0%B4%20%E6%94%B6%E7%BC%A9%E6%AF%9B%E5%AD%94%20-%20%E6%AF%94%E5%BA%A6%E5%85%8B%E6%8A%A4%E8%82%A4&time=1402977097031 HTTP/1.1" 200 10 "http://wap.koudaitong.com/v2/showcase/goods?alias=vyhm2p1u" "Mozilla/5.0 (Linux; U; Android 4.2.2; zh-cn; P11HD\xE5\x9B\x9B\xE6\xA0\xB8(G9X7) Build/P11HD(G9X7)) AppleWebKit/534.30 (KHTML, like Gecko) Version/4.0 Safari/534.30 MicroMessenger/5.3.0.80_r701542.440" "59.50.84.126" tjkoudaitong "KDTSESSIONID=2020t7ht6skev46kh0ko4hu4m0; Hm_lvt_d6b01fe48ad0f9291cd04178c6796787=1402564635,1402814564,1402814621,1402977025; Hm_lpvt_d6b01fe48ad0f9291cd04178c6796787=1402977087; fans_id=25575773; is_fans=2; _kdt_id_=538"
Jun 17 11:53:02 bj-tj1 NGINX[2635]: 10.255.252.1 - - [17/Jun/2014:11:53:02 +0800] "GET /1.gif?spm=f1140290&fm=display&title=%E6%8A%A4%E8%8A%B1%E5%91%A4%E7%9A%84%E4%BA%A7%E5%93%81%E7%89%B9%E7%82%B9&time=1402977096925 HTTP/1.1" 200 10 "http://wap.koudaitong.com/v2/showcase/feature?alias=3g0klqsa" "Mozilla/5.0 (Linux; U; Android 4.1.2; zh-cn; HUAWEI A199 Build/HuaweiA199) AppleWebKit/534.30 (KHTML, like Gecko) Version/4.0 Mobile Safari/534.30 MicroMessenger/5.3.0.51_r697493.440" "101.5.242.149" tjkoudaitong "KDTSESSIONID=d3qn75fnq2jt23gbid0p2h5cd2; Hm_lvt_d6b01fe48ad0f9291cd04178c6796787=1402977016,1402977035,1402977041,1402977088; Hm_lpvt_d6b01fe48ad0f9291cd04178c6796787=1402977088; _kdt_id_=10714"
Jun 17 11:53:02 bj-tj1 NGINX[2635]: 10.255.252.1 - - [17/Jun/2014:11:53:02 +0800] "GET /1.gif?spm=m1402976910305496032111123.subscribe_f1096548_c127792&fm=click&url=http%3A%2F%2Fwap.koudaitong.com%2Fv2%2Fshowcase%2Fcoupon%2Ftake%3Ftoken%3D7224578866a2a126b5cf8a6fb710ab67&referer_url=http%3A%2F%2Fwap.koudaitong.com%2Fv2%2Fshowcase%2Fcategory%3Falias%3D1ik8dfuo7%26spm%3Dm1402976910305496032111123.subscribe_f1096548&title=%E7%82%B9%E5%87%BB%E9%A2%86%E5%8F%96&time=1402977089779 HTTP/1.1" 200 10 "http://wap.koudaitong.com/v2/showcase/coupon/fetch?alias=1ij8sa5wi&spm=m1402976910305496032111123.subscribe_f1096548_c127792" "Mozilla/5.0 (Linux; Android 4.4.2; GT-I9500 Build/KOT49H) AppleWebKit/537.36 (KHTML, like Gecko) Version/4.0 Chrome/30.0.0.0 Mobile Safari/537.36 MicroMessenger/5.3.0.51_r697493.440" "183.185.249.132" tjkoudaitong "KDTSESSIONID=tlikfsn99nsqr0k2dr7dlspsp6; Hm_lvt_d6b01fe48ad0f9291cd04178c6796787=1402976839; Hm_lpvt_d6b01fe48ad0f9291cd04178c6796787=1402977089; fans_id=25575310; is_fans=1; _kdt_id_=7066"
Jun 17 11:53:02 bj-tj2 NGINX[2835]: 10.255.252.1 - - [17/Jun/2014:11:53:02 +0800] "GET /1.gif?spm=h34&fm=click&url=http%3A%2F%2Fwap.koudaitong.com%2Fv2%2Fshowcase%2Ffeature%3Falias%3D120c0gsxx&title=%E5%B9%B3%E5%8F%B0%E6%B4%BB%E5%8A%A8%20%20%20%20%20%20%20%20%20%20%20%20%20%20%20%20%20%20%20%20%20%20%20%20%20%20%20%20%20%20%20%20%20%20%20%20%20%20%20%20%20%20%20%20%20%20%20%20%20%20%20%20%20%20%20%20%20%20%20%20%20%20%20%20%20%20%20%20%20%20%20%20%20%20%20%20%20%20%20%20%20%20%20%20%20%20%20%20%20%20%20%20%20%20%20%20%20%20%20%20%20%20%20%20%20%20%20%20%20%20%20%20%20%20%20%20%20%20%20%20%20%20%20%20%20%20%20%20%20%20%20%20%20%20%20%20%20%20%20%20%20%20%20%20%20%20%20%20%20%20%20%20%20%20%20%20%20%20%20%20%20%20%20%20%20%20%20%20%20%20%20%20%20%20%20%20%20%20%20%20%20%20%20%20%20%20%20%20%20%20%20%20%20%20%20%20%20%20%20%20%20%20%20%20%20%20%20%20%20%20%20%20%20%20%20%20%20%20%20%20%20%20%20%20%20%20%20%20%20%20%20%20%20%20%20%20%20%20%20%20%20%20%20%20%20%20%20%20%20%20%20%20%20%20%20%20%20%20%20%20%20%20%20%20%20%20%20%20%20%20%20%20%20%20%20%20%20%20%20%20%20%20%20%20%20%20%20%20%20%20%20%20%20%20%20%20%20%20%20%20%20%20%20%20%E6%9F%A5%E8%AF%A2%E7%87%95%E6%A0%BC%E6%A0%BC%E6%89%80%E5%9C%A8%E6%89%80%E6%9C%89%E5%B9%B3%E5%8F%B0%E7%9A%84%E6%9C%80%E6%96%B0%E6%B4%BB%E5%8A%A8&time=1402977098787 HTTP/1.1" 200 10 "http://wap.koudaitong.com/v2/showcase/homepage?alias=inojn5" "Mozilla/5.0 (Linux; U; Android 2.3.4; zh-cn; GT-I9100 Build/GINGERBREAD) AppleWebKit/533.1 (KHTML, like Gecko) Version/4.0 Mobile Safari/533.1 MicroMessenger/5.3.0.51_r697493.440" "119.39.188.96" tjkoudaitong "Hm_lpvt_d6b01fe48ad0f9291cd04178c6796787=1402977089; Hm_lvt_d6b01fe48ad0f9291cd04178c6796787=1401192110,1401713582,1402923860; KDTSESSIONID=jigvdh1sdo62ri0jehvul9o6v0; _kdt_id_=527; fans_id=6603956; is_fans=1; ut=SmQfvGQqkyAwiyV-139342326818693"
Jun 17 11:53:02 bj-tj2 NGINX[2835]: 10.255.252.1 - - [17/Jun/2014:11:53:02 +0800] "GET /1.gif?spm=h13206&fm=display_network&title=%E5%B0%8F%E5%A4%A7%E5%BE%AE%E5%BA%97%E6%AC%A2%E8%BF%8E%E6%82%A8%E7%9A%84%E5%88%B0%E6%9D%A5%EF%BC%81%20-%20%E5%B0%8F%E5%A4%A7%E5%BE%AE%E5%95%86%E5%9F%8E&msg=network_type%3Awifi&time=1402977099017 HTTP/1.1" 200 10 "http://wap.koudaitong.com/v2/showcase/homepage?alias=32ay4ck9" "Mozilla/5.0 (Linux; U; Android 4.3; zh-cn; GT-I9308 Build/JSS15J) AppleWebKit/534.30 (KHTML, like Gecko) Version/4.0 Mobile Safari/534.30 MicroMessenger/5.3.0.51_r697493.440" "114.245.26.230" tjkoudaitong "KDTSESSIONID=ak641e6gbvie0fi0vf1jt7i7k7; fans_id=9656089; is_fans=1; _kdt_id_=14231; Hm_lvt_d6b01fe48ad0f9291cd04178c6796787=1402975593; Hm_lpvt_d6b01fe48ad0f9291cd04178c6796787=1402977097"
Jun 17 11:53:02 bj-tj1 NGINX[2632]: 10.255.252.1 - - [17/Jun/2014:11:53:02 +0800] "GET /1.gif?spm=m1402709234202480469330598.autoreply_h22917&fm=display&title=%E6%97%B6%E6%9E%9C%E4%B8%BB%E4%B9%89%20-%20----%E6%97%B6%E4%BB%A4%E9%AB%98%E7%AB%AF%E6%B0%B4%E6%9E%9C%E5%8C%85%E6%9C%88%E5%8F%8A%E5%AE%9A%E5%88%B6&time=1402977261459 HTTP/1.1" 200 10 "http://shop216110.koudaitong.com/v2/showcase/homepage?alias=13y1kgx9&spm=m1402709234202480469330598.autoreply&from=timeline&isappinstalled=0" "Mozilla/5.0 (Linux; U; Android 2.3.6; zh-cn; GT-I8160 Build/GINGERBREAD) AppleWebKit/533.1 (KHTML, like Gecko) Version/4.0 Mobile Safari/533.1 MicroMessenger/5.3.0.51_r697493.440" "223.14.100.120" tjkoudaitong "Hm_lpvt_d6b01fe48ad0f9291cd04178c6796787=1402977216; Hm_lvt_d6b01fe48ad0f9291cd04178c6796787=1402977175; KDTSESSIONID=7rqnmnkiqlri9esa1dop8evq44; _kdt_id_=23942; nobody_sign=539fbb47d4444"
Jun 17 11:53:02 bj-tj1 NGINX[2632]: 10.255.252.1 - - [17/Jun/2014:11:53:02 +0800] "GET /1.gif?spm=f1123369&fm=display_network&title=%E6%91%87%E5%8A%A8%E5%85%A8%E4%B8%AD%E5%9B%BD%20-%20%E5%A4%AE%E5%B9%BF%E8%B4%AD%E7%89%A9&msg=network_type%3Awifi&time=1402977096430 HTTP/1.1" 200 10 "http://wap.koudaitong.com/v2/showcase/feature?alias=a7y1d8pg" "Mozilla/5.0 (Linux; U; Android 4.1.2; zh-cn; Coolpad 5219 Build/JZO54K) AppleWebKit/534.30 (KHTML, like Gecko) Version/4.0 Mobile Safari/534.30 MicroMessenger/5.3.0.51_r697493.440" "222.168.230.210" tjkoudaitong "KDTSESSIONID=fjb3343dcnal14750t9ge9spk4; ut=EsJfUAQBfNiMplt-140265343247467; verify_weixin_openid=oN1EvuG3iyMtuQmlaSBOF8O8BJjs; auth_key=5fd917099e1b50ce3c6b7f2dca25023c; check_time=1402972872; mp_id=6202; _kdt_id_=7560; Hm_lvt_d6b01fe48ad0f9291cd04178c6796787=1402652626; Hm_lpvt_d6b01fe48ad0f9291cd04178c6796787=1402977095"
Jun 17 11:53:02 bj-tj1 NGINX[2632]: 10.255.252.1 - - [17/Jun/2014:11:53:02 +0800] "GET /1.gif?spm=m1402318402526376855377443.sendall_f1130645&fm=display_network&title=%E4%B8%9D%E8%B4%A8%E7%9F%AD%E8%A2%96%20-%20YNHOME&msg=network_type%3Awifi&time=1402977097400 HTTP/1.1" 200 10 "http://wap.koudaitong.com/v2/showcase/feature?alias=zrf1bpzh&spm=m1402318402526376855377443.sendall" "Mozilla/5.0 (Linux; U; Android 4.3; zh-cn; MI 3W Build/JLS36C) AppleWebKit/534.30 (KHTML, like Gecko) Version/4.0 Mobile Safari/534.30 MicroMessenger/5.3.0.80_r701542.440" "123.138.112.56" tjkoudaitong "KDTSESSIONID=8u9a864f0hdfklv7j8mmen4f52; _kdt_id_=261; Hm_lvt_d6b01fe48ad0f9291cd04178c6796787=1401955601; Hm_lpvt_d6b01fe48ad0f9291cd04178c6796787=1402977096"
Jun 17 11:53:02 bj-tj1 NGINX[2632]: 10.255.252.1 - - [17/Jun/2014:11:53:02 +0800] "GET /1.gif?spm=m1402977176117118837727457.autoreply_f1074892&fm=display_network&title=%E3%80%90%E7%A5%9E%E7%A7%98%E7%A4%BC4%E3%80%91%E9%A6%99%E5%A5%88%E5%84%BF%E7%B2%BE%E7%BE%8E%E6%89%8B%E6%9C%BA%E5%A3%81%E7%BA%B8%E9%9A%8F%E4%BD%A0%E6%8C%91%20-%20%E5%B0%8F%E4%B9%9F&msg=network_type%3Awifi&time=1402977099486 HTTP/1.1" 200 10 "http://wap.koudaitong.com/v2/showcase/feature?alias=bw53fn1l&spm=m1402977176117118837727457.autoreply" "Mozilla/5.0 (Linux; U; Android 4.1.2; zh-cn; ZTE U956 Build/JZO54K) AppleWebKit/534.30 (KHTML, like Gecko) Version/4.0 Mobile Safari/534.30 MicroMessenger/5.3.0.51_r697493.440" "123.244.63.26" tjkoudaitong "KDTSESSIONID=9b8ee6t6j6birmgko9t870nng4; _kdt_id_=9; Hm_lvt_d6b01fe48ad0f9291cd04178c6796787=1402977015; Hm_lpvt_d6b01fe48ad0f9291cd04178c6796787=1402977098"
Jun 17 11:53:02 bj-tj2 NGINX[2835]: 10.255.252.1 - - [17/Jun/2014:11:53:02 +0800] "GET /1.gif?spm=m1402977155976449159425468.subscribe_f1120973_f1072595&fm=display_network&referer_url=http%3A%2F%2Fwap.koudaitong.com%2Fv2%2Fshowcase%2Ffeature%3Falias%3Dlxkt9eto%26spm%3Dm1402977155976449159425468.subscribe&title=%E5%B0%8F%E4%B9%9F%C2%B7%E4%BB%8A%E6%97%A5%E5%9B%A2%E8%B4%AD%20-%20%E5%B0%8F%E4%B9%9F%E6%97%97%E8%88%B0%E5%BA%97&msg=network_type%3Awifi&time=1402977099950 HTTP/1.1" 200 10 "http://wap.koudaitong.com/v2/showcase/feature?alias=3079y719&spm=m1402977155976449159425468.subscribe_f1120973" "Mozilla/5.0 (iPhone; CPU iPhone OS 7_1_1 like Mac OS X) AppleWebKit/537.51.2 (KHTML, like Gecko) Mobile/11D201 MicroMessenger/5.3" "119.98.42.174" tjkoudaitong "_kdt_id_=13795; Hm_lpvt_d6b01fe48ad0f9291cd04178c6796787=1402977099; Hm_lvt_d6b01fe48ad0f9291cd04178c6796787=1402977088; KDTSESSIONID=sg5qe9oh9sbe389kc5r96cjgb7"
Jun 17 11:53:02 bj-tj2 NGINX[2835]: 10.255.252.1 - - [17/Jun/2014:11:53:02 +0800] "GET /1.gif?spm=h16150&fm=display&title=%E4%B9%90%E5%8D%8E%E7%94%B5%E8%A7%86%E5%B9%BF%E5%B7%9E%E7%9B%B4%E8%90%A5%20-%20%E5%BA%97%E9%93%BA%E4%B8%BB%E9%A1%B5%20-%20%E4%B9%90%E5%8D%8E%E7%94%B5%E8%A7%86%E5%B9%BF%E5%B7%9E%E7%9B%B4%E8%90%A5&display_goods=1839934,1295459,1295450,1303402,1301345,1301331,1854251,1879109,1396273&time=1402977096835 HTTP/1.1" 200 10 "http://wap.koudaitong.com/v2/showcase/homepage?alias=eyf7zsym" "Mozilla/5.0 (Linux; U; Android 4.3; zh-cn; HUAWEI B199 Build/HuaweiB199) AppleWebKit/534.30 (KHTML, like Gecko) Version/4.0 Mobile Safari/534.30 MicroMessenger/5.3.0.80_r701542.440" "10.191.103.11" tjkoudaitong "KDTSESSIONID=vl8mt1d001efont1vuruapic54; nobody_sign=5399ca6f1d66a; Hm_lvt_d6b01fe48ad0f9291cd04178c6796787=1402587699; Hm_lpvt_d6b01fe48ad0f9291cd04178c6796787=1402976936; fans_id=25575036; is_fans=1; _kdt_id_=17175"
Jun 17 11:53:02 bj-tj1 NGINX[2632]: 10.255.252.1 - - [17/Jun/2014:11:53:02 +0800] "GET /1.gif?spm=h1065_f1008574_f1011089&fm=display_network&referer_url=http%3A%2F%2Fwap.koudaitong.com%2Fv2%2Fshowcase%2Ffeature%3Falias%3D2rbpehlk%26spm%3Dh1065&title=%E7%9C%8B%E7%9C%8B%E5%93%AA%E4%BA%9B%E5%AA%92%E4%BD%93%E6%8A%A5%E9%81%93%E4%BA%86%E6%88%91%E4%BB%AC%20-%20%E7%BB%B4%E5%90%89%E8%BE%BE%E5%B0%BCVIZDAN&msg=network_type%3Awifi&time=1402977098104 HTTP/1.1" 200 10 "http://wap.koudaitong.com/v2/showcase/feature?alias=vni75747&spm=h1065_f1008574" "Mozilla/5.0 (Linux; U; Android 4.2.2; zh-cn; HM NOTE 1TD Build/JDQ39) AppleWebKit/534.30 (KHTML, like Gecko) Version/4.0 Mobile Safari/534.30 MicroMessenger/5.3.0.51_r697493.440" "114.249.143.88" tjkoudaitong "KDTSESSIONID=nqdkjbp7l3n4filc3c1796q343; Hm_lvt_d6b01fe48ad0f9291cd04178c6796787=1402801994; Hm_lpvt_d6b01fe48ad0f9291cd04178c6796787=1402977097; fans_id=25163876; is_fans=1; _kdt_id_=2508"
Jun 17 11:53:02 bj-tj2 NGINX[2835]: 10.255.252.1 - - [17/Jun/2014:11:53:02 +0800] "GET /1.gif?spm=g1254848_h11703_h11703_h11703_c45448_f1052759&fm=display_network&title=%E5%88%9A%E8%A7%A3%E7%A6%81%E7%9A%84%E7%85%A7%E7%89%87%20-%20%E3%80%90V%E8%B4%A7%E5%90%A7%E3%80%91&msg=network_type%3Awwan&time=1402977112197 HTTP/1.1" 200 10 "http://shop204896.koudaitong.com/v2/showcase/feature?alias=wheztljf&spm=g1254848_h11703_h11703_h11703_c45448&from=timeline&isappinstalled=0" "Mozilla/5.0 (Linux; U; Android 4.1.1; zh-cn; HUAWEI C8813 Build/HuaweiC8813) AppleWebKit/534.30 (KHTML, like Gecko) Version/4.0 Mobile Safari/534.30 MicroMessenger/5.3.0.51_r697493.440" "10.87.142.230" tjkoudaitong "KDTSESSIONID=p3t2j37amlm79omao6gp4nvo04; _kdt_id_=12728; nobody_sign=539fbb94841e7; Hm_lvt_d6b01fe48ad0f9291cd04178c6796787=1402977104; Hm_lpvt_d6b01fe48ad0f9291cd04178c6796787=1402977104"
Jun 17 11:53:02 bj-tj1 NGINX[2632]: 10.255.252.1 - - [17/Jun/2014:11:53:02 +0800] "GET /1.gif?spm=g1822164&fm=display&title=%E6%B8%85%E6%99%A8%E6%A3%AE%E6%9E%97%E7%B3%BB%E5%88%97%E8%9E%BA%E6%97%8B%E8%97%BB%E6%82%A6%E9%A2%9C%E6%96%B0%E7%94%9F%E9%9D%A2%E8%86%9C%20-%20%E6%9C%B5%E8%80%8C%E5%BE%AE%E5%95%86%E5%9F%8E&time=1402977098139 HTTP/1.1" 200 10 "http://wap.koudaitong.com/v2/showcase/goods?alias=lvvoknkp&redirect_count=1" "Mozilla/5.0 (iPhone; CPU iPhone OS 7_1_1 like Mac OS X) AppleWebKit/537.51.2 (KHTML, like Gecko) Mobile/11D201 MicroMessenger/5.3" "125.34.115.142" tjkoudaitong "_kdt_id_=1578; fans_id=25574246; is_fans=1; KDTSESSIONID=g3pbnbtgafs1jtibfs4gjkfo80"
Jun 17 11:53:02 bj-tj1 NGINX[2632]: 10.255.252.1 - - [17/Jun/2014:11:53:02 +0800] "GET /1.gif?spm=m1402306104099525498733252.sendall_f1130217&fm=display&title=%E6%B1%82%E7%94%9F%E4%B8%A8%E7%9F%A5%E9%81%93%E5%90%97%EF%BC%9F%E5%84%BF%E7%AB%A5%E6%BA%BA%E6%B0%B4%E5%A4%A7%E5%A4%9A%E6%98%AF%E7%AB%99%E5%9C%A8%E6%B0%B4%E9%87%8C%E5%AE%89%E9%9D%99%E7%9A%84%E6%AD%BB%E5%8E%BB..%E4%B8%80%E5%AE%9A%E8%A6%81%E8%BD%AC%E5%8F%91%20-%20%E6%9E%9C%E9%AD%85%E4%BA%BA%E7%94%9F&time=1402977082016 HTTP/1.1" 200 10 "http://shop192168953.koudaitong.com/v2/showcase/feature?alias=11s6rlkgf&spm=m1402306104099525498733252.sendall&from=timeline&isappinstalled=0" "Mozilla/5.0 (Linux; U; Android 4.2.2; zh-cn; GT-I9500 Build/JDQ39) AppleWebKit/534.30 (KHTML, like Gecko) Version/4.0 Mobile Safari/534.30 MicroMessenger/5.3.0.80_r701542.440" "122.90.251.219" tjkoudaitong "KDTSESSIONID=5g6tl1uu2q8j4lhuqmkni3v402; _kdt_id_=953"
Jun 17 11:53:02 bj-tj2 NGINX[2835]: 10.255.252.1 - - [17/Jun/2014:11:53:02 +0800] "GET /1.gif?spm=f1144262_cmktworldcup123984_g1911349&fm=display_network&referer_url=http%3A%2F%2Fwap.koudaitong.com%2Fv2%2Fguang%2Fspecial%3Falias%3D1fwbcaiyq%26spm%3Df1144262&title=%E3%80%8A%E8%B4%A2%E7%BB%8F%E5%A4%A9%E4%B8%8B%E3%80%8B2014%E5%B9%B4%E7%AC%AC12%E6%9C%9F%20%E6%80%BB%E7%AC%AC59%E6%9C%9F%20%E4%B8%96%E7%95%8C%E6%9D%AF%E7%89%B9%E8%BE%91%20+360%E6%99%BA%E5%81%A5%20-%20%E5%8D%9A%E9%9B%85%E5%A4%A9%E4%B8%8B%E4%B9%A6%E5%BA%97&msg=network_type%3Awwan&time=1402977108518 HTTP/1.1" 200 10 "http://wap.koudaitong.com/v2/showcase/goods?alias=nowe7tjv&activity=1fwbcaiyq&spm=f1144262_cmktworldcup123984" "Mozilla/5.0 (Linux; U; Android 4.1.1; zh-cn; MI 2SC Build/JRO03L) AppleWebKit/534.30 (KHTML, like Gecko) Version/4.0 Mobile Safari/534.30 MicroMessenger/5.3.0.51_r697493.440" "223.15.74.28" tjkoudaitong "KDTSESSIONID=lbcr5ni3ia09lh7b5cdrqe8dl3; Hm_lvt_d6b01fe48ad0f9291cd04178c6796787=1402039419; Hm_lpvt_d6b01fe48ad0f9291cd04178c6796787=1402977107; fans_id=8302957; is_fans=1; _kdt_id_=6105"
Jun 17 11:53:02 bj-tj1 NGINX[2632]: 10.255.252.1 - - [17/Jun/2014:11:53:02 +0800] "GET /1.gif?spm=h104_f1110544_SI1840518&fm=display&referer_url=http%3A%2F%2Fwap.koudaitong.com%2Fv2%2Fshowcase%2Fhomepage%3Falias%3Dh4ub0y&time=1402977099088 HTTP/1.1" 200 10 "http://wap.koudaitong.com/v2/showcase/feature?alias=ut9pe26u&spm=h104" "Mozilla/5.0 (iPhone; CPU iPhone OS 7_1_1 like Mac OS X) AppleWebKit/537.51.2 (KHTML, like Gecko) Mobile/11D201 MicroMessenger/5.3" "124.200.251.67" tjkoudaitong "_kdt_id_=65; Hm_lpvt_d6b01fe48ad0f9291cd04178c6796787=1402977073; Hm_lvt_d6b01fe48ad0f9291cd04178c6796787=1402977046; KDTSESSIONID=l6ohvqnedo56nb8s2hfchja2n6"
Jun 17 11:53:02 bj-tj2 NGINX[2835]: 10.255.252.1 - - [17/Jun/2014:11:53:02 +0800] "GET /1.gif?spm=h104_f1110544_SI1336024&fm=display&referer_url=http%3A%2F%2Fwap.koudaitong.com%2Fv2%2Fshowcase%2Fhomepage%3Falias%3Dh4ub0y&time=1402977099104 HTTP/1.1" 200 10 "http://wap.koudaitong.com/v2/showcase/feature?alias=ut9pe26u&spm=h104" "Mozilla/5.0 (iPhone; CPU iPhone OS 7_1_1 like Mac OS X) AppleWebKit/537.51.2 (KHTML, like Gecko) Mobile/11D201 MicroMessenger/5.3" "124.200.251.67" tjkoudaitong "_kdt_id_=65; Hm_lpvt_d6b01fe48ad0f9291cd04178c6796787=1402977073; Hm_lvt_d6b01fe48ad0f9291cd04178c6796787=1402977046; KDTSESSIONID=l6ohvqnedo56nb8s2hfchja2n6"
Jun 17 11:53:02 bj-tj1 NGINX[2632]: 10.255.252.1 - - [17/Jun/2014:11:53:02 +0800] "GET /1.gif?spm=m1402891406281352390879829.sendall_f1142789&fm=display_network&title=6.16%E7%81%AB%E9%80%9F%E6%99%92%E5%8D%95%EF%BC%8C%E7%9B%B4%E5%8D%87VIP%E5%92%AF%EF%BC%81%20-%20%E5%AE%9D%E6%8B%89%E7%8F%8D%E9%80%89PAULASCHOICE&msg=network_type%3Awifi&time=1402977098976 HTTP/1.1" 200 10 "http://wap.koudaitong.com/v2/showcase/feature?alias=1ae5debc1&spm=m1402891406281352390879829.sendall" "Mozilla/5.0 (iPhone; CPU iPhone OS 7_0_4 like Mac OS X) AppleWebKit/537.51.1 (KHTML, like Gecko) Mobile/11B554a MicroMessenger/5.3" "27.151.244.234" tjkoudaitong "_kdt_id_=939; fans_id=3341515; Hm_lpvt_d6b01fe48ad0f9291cd04178c6796787=1402977099; Hm_lvt_d6b01fe48ad0f9291cd04178c6796787=1402371700,1402550826,1402636770,1402891629; is_fans=1; KDTSESSIONID=mhk125n90kfk2l6ddekoqs0bq2"
Jun 17 11:53:02 bj-tj2 NGINX[2835]: 10.255.252.1 - - [17/Jun/2014:11:53:02 +0800] "GET /1.gif?spm=h24374_f1144598_SI1948353&fm=display&referer_url=http%3A%2F%2Fwap.koudaitong.com%2Fv2%2Fshowcase%2Fhomepage%3Falias%3Dsjdylrl5&time=1402977098079 HTTP/1.1" 200 10 "http://wap.koudaitong.com/v2/showcase/feature?alias=1ctyrwnr8&spm=h24374" "Mozilla/5.0 (iPhone; CPU iPhone OS 7_0_4 like Mac OS X) AppleWebKit/537.51.1 (KHTML, like Gecko) Mobile/11B554a MicroMessenger/5.3" "114.85.80.78" tjkoudaitong "_kdt_id_=25687; fans_id=23428327; Hm_lpvt_d6b01fe48ad0f9291cd04178c6796787=1402977098; Hm_lvt_d6b01fe48ad0f9291cd04178c6796787=1402853164,1402923059,1402925647,1402975604; is_fans=1; KDTSESSIONID=nj2uj6r9kqqocektlevdolfft6"
Jun 17 11:53:02 bj-tj2 NGINX[2835]: 10.255.252.1 - - [17/Jun/2014:11:53:02 +0800] "GET /1.gif?spm=t1027960_SI1182839&fm=display&referer_url=http%3A%2F%2Fwap.koudaitong.com%2Fv2%2Fshowcase%2Ftag%3Falias%3Dxiki9aka%26page%3D2&time=1402977101238 HTTP/1.1" 200 10 "http://wap.koudaitong.com/v2/showcase/tag?alias=xiki9aka&page=3" "Mozilla/5.0 (Linux; U; Android 4.2.2; zh-cn; Readboy_G30 Build/JDQ39) AppleWebKit/534.30 (KHTML, like Gecko) Version/4.0 Safari/534.30 MicroMessenger/5.3.0.80_r701542.440" "117.60.223.162" tjkoudaitong "KDTSESSIONID=9knp6n36v5v38e66m4p2ub8s30; ut=HodBBneeCkAgcQJ-140297660791938; verify_weixin_openid=oeKGdjkLnYGhdn4j69vheGn3MsDE; auth_key=2966c9a59f5038c6fb8712af063f5c60; check_time=1402976852; mp_id=27; Hm_lvt_d6b01fe48ad0f9291cd04178c6796787=1402976532; Hm_lpvt_d6b01fe48ad0f9291cd04178c6796787=1402977101; fans_id=20177674; is_fans=1; _kdt_id_=27"
Jun 17 11:53:02 bj-tj1 NGINX[2632]: 10.255.252.1 - - [17/Jun/2014:11:53:02 +0800] "GET /1.gif?spm=f1144262_cmktworldcup123984&fm=display&title=2%E5%B7%A8%E6%83%A0%E4%B8%96%E7%95%8C%E6%9D%AF-%E5%8D%9A%E9%9B%85%E5%A4%A9%E4%B8%8B%E4%B8%93%E5%9C%BA&time=1402977093745 HTTP/1.1" 200 10 "http://wap.koudaitong.com/v2/guang/special?alias=1fwbcaiyq&spm=f1144262" "Mozilla/5.0 (Linux; U; Android 4.3; zh-cn; GT-N7102 Build/JSS15J) AppleWebKit/534.30 (KHTML, like Gecko) Version/4.0 Mobile Safari/534.30 MicroMessenger/5.3.0.50_r694338.420" "61.148.198.242" tjkoudaitong "KDTSESSIONID=podq4dutuj1levr9nmct8k8k57"
Jun 17 11:53:02 bj-tj1 NGINX[2632]: 10.255.252.1 - - [17/Jun/2014:11:53:02 +0800] "GET /1.gif?spm=t1027960_SI1182751&fm=display&referer_url=http%3A%2F%2Fwap.koudaitong.com%2Fv2%2Fshowcase%2Ftag%3Falias%3Dxiki9aka%26page%3D2&time=1402977101263 HTTP/1.1" 200 10 "http://wap.koudaitong.com/v2/showcase/tag?alias=xiki9aka&page=3" "Mozilla/5.0 (Linux; U; Android 4.2.2; zh-cn; Readboy_G30 Build/JDQ39) AppleWebKit/534.30 (KHTML, like Gecko) Version/4.0 Safari/534.30 MicroMessenger/5.3.0.80_r701542.440" "117.60.223.162" tjkoudaitong "KDTSESSIONID=9knp6n36v5v38e66m4p2ub8s30; ut=HodBBneeCkAgcQJ-140297660791938; verify_weixin_openid=oeKGdjkLnYGhdn4j69vheGn3MsDE; auth_key=2966c9a59f5038c6fb8712af063f5c60; check_time=1402976852; mp_id=27; Hm_lvt_d6b01fe48ad0f9291cd04178c6796787=1402976532; Hm_lpvt_d6b01fe48ad0f9291cd04178c6796787=1402977101; fans_id=20177674; is_fans=1; _kdt_id_=27"
Jun 17 11:53:02 bj-tj2 NGINX[2835]: 10.255.252.1 - - [17/Jun/2014:11:53:02 +0800] "GET /1.gif?spm=t1027960_SI1167983&fm=display&referer_url=http%3A%2F%2Fwap.koudaitong.com%2Fv2%2Fshowcase%2Ftag%3Falias%3Dxiki9aka%26page%3D2&time=1402977101285 HTTP/1.1" 200 10 "http://wap.koudaitong.com/v2/showcase/tag?alias=xiki9aka&page=3" "Mozilla/5.0 (Linux; U; Android 4.2.2; zh-cn; Readboy_G30 Build/JDQ39) AppleWebKit/534.30 (KHTML, like Gecko) Version/4.0 Safari/534.30 MicroMessenger/5.3.0.80_r701542.440" "117.60.223.162" tjkoudaitong "KDTSESSIONID=9knp6n36v5v38e66m4p2ub8s30; ut=HodBBneeCkAgcQJ-140297660791938; verify_weixin_openid=oeKGdjkLnYGhdn4j69vheGn3MsDE; auth_key=2966c9a59f5038c6fb8712af063f5c60; check_time=1402976852; mp_id=27; Hm_lvt_d6b01fe48ad0f9291cd04178c6796787=1402976532; Hm_lpvt_d6b01fe48ad0f9291cd04178c6796787=1402977101; fans_id=20177674; is_fans=1; _kdt_id_=27"
Jun 17 11:53:02 bj-tj1 NGINX[2632]: 10.255.252.1 - - [17/Jun/2014:11:53:02 +0800] "GET /1.gif?fm=display&title=%E5%BE%A1%E6%B3%A5%E5%9D%8A%E8%B6%85%E7%BA%A7%E5%88%AE%E5%88%AE%E5%8D%A1%20-%20%E5%BE%A1%E6%B3%A5%E5%9D%8A%E6%B3%A5%E6%B5%86%E7%94%B7&time=1402977096044 HTTP/1.1" 200 10 "http://shop192201.koudaitong.com/v2/apps/cards?alias=bzyfh7bj&from=timeline&isappinstalled=0&redirect_count=1" "Mozilla/5.0 (iPhone; CPU iPhone OS 6_1_3 like Mac OS X) AppleWebKit/536.26 (KHTML, like Gecko) Mobile/10B329 MicroMessenger/5.3" "14.214.132.30" tjkoudaitong "_kdt_id_=33; KDTSESSIONID=h8lfpa53kto7i2qor51e0pud42"
Jun 17 11:53:02 bj-tj2 NGINX[2835]: 10.255.252.1 - - [17/Jun/2014:11:53:02 +0800] "GET /1.gif?spm=g1822164&fm=display_network&title=%E6%B8%85%E6%99%A8%E6%A3%AE%E6%9E%97%E7%B3%BB%E5%88%97%E8%9E%BA%E6%97%8B%E8%97%BB%E6%82%A6%E9%A2%9C%E6%96%B0%E7%94%9F%E9%9D%A2%E8%86%9C%20-%20%E6%9C%B5%E8%80%8C%E5%BE%AE%E5%95%86%E5%9F%8E&msg=network_type%3Awifi&time=1402977098539 HTTP/1.1" 200 10 "http://wap.koudaitong.com/v2/showcase/goods?alias=lvvoknkp&redirect_count=1" "Mozilla/5.0 (iPhone; CPU iPhone OS 7_1_1 like Mac OS X) AppleWebKit/537.51.2 (KHTML, like Gecko) Mobile/11D201 MicroMessenger/5.3" "125.34.115.142" tjkoudaitong "_kdt_id_=1578; fans_id=25574246; Hm_lpvt_d6b01fe48ad0f9291cd04178c6796787=1402977098; Hm_lvt_d6b01fe48ad0f9291cd04178c6796787=1402976240,1402976789,1402977098; is_fans=1; KDTSESSIONID=g3pbnbtgafs1jtibfs4gjkfo80"
Jun 17 11:53:02 bj-tj1 NGINX[2631]: 10.255.252.1 - - [17/Jun/2014:11:53:02 +0800] "GET /1.gif?spm=f1135093_h16&fm=display&referer_url=http%3A%2F%2Fwap.koudaitong.com%2Fv2%2Fshowcase%2Ffeature%3Falias%3D1cik7gb43&title=AFU%E9%98%BF%E8%8A%99%E5%AE%98%E6%96%B9%E5%BE%AE%E5%B0%8F%E5%BA%97%20-%20AFU%E9%98%BF%E8%8A%99&time=1402977097416 HTTP/1.1" 200 10 "http://wap.koudaitong.com/v2/showcase/homepage?kdt_id=17&spm=f1135093" "Mozilla/5.0 (iPhone; CPU iPhone OS 7_1 like Mac OS X) AppleWebKit/537.51.2 (KHTML, like Gecko) Mobile/11D167 MicroMessenger/5.3" "220.202.153.69" tjkoudaitong "_kdt_id_=17; fans_id=73703; Hm_lpvt_d6b01fe48ad0f9291cd04178c6796787=1402977093; Hm_lvt_d6b01fe48ad0f9291cd04178c6796787=1402977064; is_fans=1; KDTSESSIONID=1sh30c3ph2li37ulllpn895h24"
Jun 17 11:53:02 bj-tj2 NGINX[2835]: 10.255.252.1 - - [17/Jun/2014:11:53:02 +0800] "GET /1.gif?spm=t1027960_SI1167964&fm=display&referer_url=http%3A%2F%2Fwap.koudaitong.com%2Fv2%2Fshowcase%2Ftag%3Falias%3Dxiki9aka%26page%3D2&time=1402977101317 HTTP/1.1" 200 10 "http://wap.koudaitong.com/v2/showcase/tag?alias=xiki9aka&page=3" "Mozilla/5.0 (Linux; U; Android 4.2.2; zh-cn; Readboy_G30 Build/JDQ39) AppleWebKit/534.30 (KHTML, like Gecko) Version/4.0 Safari/534.30 MicroMessenger/5.3.0.80_r701542.440" "117.60.223.162" tjkoudaitong "KDTSESSIONID=9knp6n36v5v38e66m4p2ub8s30; ut=HodBBneeCkAgcQJ-140297660791938; verify_weixin_openid=oeKGdjkLnYGhdn4j69vheGn3MsDE; auth_key=2966c9a59f5038c6fb8712af063f5c60; check_time=1402976852; mp_id=27; Hm_lvt_d6b01fe48ad0f9291cd04178c6796787=1402976532; Hm_lpvt_d6b01fe48ad0f9291cd04178c6796787=1402977101; fans_id=20177674; is_fans=1; _kdt_id_=27"
Jun 17 11:53:02 bj-tj2 NGINX[2835]: 10.255.252.1 - - [17/Jun/2014:11:53:02 +0800] "GET /1.gif?spm=t1027960_SI1167953&fm=display&referer_url=http%3A%2F%2Fwap.koudaitong.com%2Fv2%2Fshowcase%2Ftag%3Falias%3Dxiki9aka%26page%3D2&time=1402977101361 HTTP/1.1" 200 10 "http://wap.koudaitong.com/v2/showcase/tag?alias=xiki9aka&page=3" "Mozilla/5.0 (Linux; U; Android 4.2.2; zh-cn; Readboy_G30 Build/JDQ39) AppleWebKit/534.30 (KHTML, like Gecko) Version/4.0 Safari/534.30 MicroMessenger/5.3.0.80_r701542.440" "117.60.223.162" tjkoudaitong "KDTSESSIONID=9knp6n36v5v38e66m4p2ub8s30; ut=HodBBneeCkAgcQJ-140297660791938; verify_weixin_openid=oeKGdjkLnYGhdn4j69vheGn3MsDE; auth_key=2966c9a59f5038c6fb8712af063f5c60; check_time=1402976852; mp_id=27; Hm_lvt_d6b01fe48ad0f9291cd04178c6796787=1402976532; Hm_lpvt_d6b01fe48ad0f9291cd04178c6796787=1402977101; fans_id=20177674; is_fans=1; _kdt_id_=27"
Jun 17 11:53:02 bj-tj1 NGINX[2631]: 10.255.252.1 - - [17/Jun/2014:11:53:02 +0800] "GET /1.gif?spm=t1027960_SI1167950&fm=display&referer_url=http%3A%2F%2Fwap.koudaitong.com%2Fv2%2Fshowcase%2Ftag%3Falias%3Dxiki9aka%26page%3D2&time=1402977101385 HTTP/1.1" 200 10 "http://wap.koudaitong.com/v2/showcase/tag?alias=xiki9aka&page=3" "Mozilla/5.0 (Linux; U; Android 4.2.2; zh-cn; Readboy_G30 Build/JDQ39) AppleWebKit/534.30 (KHTML, like Gecko) Version/4.0 Safari/534.30 MicroMessenger/5.3.0.80_r701542.440" "117.60.223.162" tjkoudaitong "KDTSESSIONID=9knp6n36v5v38e66m4p2ub8s30; ut=HodBBneeCkAgcQJ-140297660791938; verify_weixin_openid=oeKGdjkLnYGhdn4j69vheGn3MsDE; auth_key=2966c9a59f5038c6fb8712af063f5c60; check_time=1402976852; mp_id=27; Hm_lvt_d6b01fe48ad0f9291cd04178c6796787=1402976532; Hm_lpvt_d6b01fe48ad0f9291cd04178c6796787=1402977101; fans_id=20177674; is_fans=1; _kdt_id_=27"
